nohup: ignoring input
Found 12 representation variant(s):
  Mel × GADF
  Mel × GASF
  Mel × MTF
  Mel × RP
  STFT × GADF
  STFT × GASF
  STFT × MTF
  STFT × RP
  CWT × GADF
  CWT × GASF
  CWT × MTF
  CWT × RP

Model: msca_vgg16  |  Epochs: 30  |  Seed: 42  |  Device: cuda
Output root: /home/yangchen/git_clone/AW-DPCNN/experiments/rep_compare_results
================================================================================

──────────────────────────────────────────────────────────────────────
[1/12]  Mel × GADF  (mel_gadf)
  Dataset: /home/yangchen/git_clone/AW-DPCNN/datasets/rep_compare/mel_gadf
──────────────────────────────────────────────────────────────────────
[torch.compile] Model compiled (mode=default)
msca_vgg16 | Params: 26.82M | FLOPs: 15946.68M
[Epoch 001/030] train_acc=0.9163 val_acc=1.0000 val_f1=1.0000 val_auc=1.0000 lr=1.00e-04
[Epoch 002/030] train_acc=0.9837 val_acc=0.9779 val_f1=0.9802 val_auc=1.0000 lr=1.00e-04
[Epoch 003/030] train_acc=0.9943 val_acc=1.0000 val_f1=1.0000 val_auc=1.0000 lr=1.00e-04
[Epoch 004/030] train_acc=0.9909 val_acc=1.0000 val_f1=1.0000 val_auc=1.0000 lr=1.00e-04
[Epoch 005/030] train_acc=0.9949 val_acc=1.0000 val_f1=1.0000 val_auc=1.0000 lr=1.00e-04
[Epoch 006/030] train_acc=0.9957 val_acc=1.0000 val_f1=1.0000 val_auc=1.0000 lr=1.00e-04
[Epoch 007/030] train_acc=0.9966 val_acc=1.0000 val_f1=1.0000 val_auc=1.0000 lr=5.00e-05
[Epoch 008/030] train_acc=0.9986 val_acc=1.0000 val_f1=1.0000 val_auc=1.0000 lr=5.00e-05
[Epoch 009/030] train_acc=0.9980 val_acc=1.0000 val_f1=1.0000 val_auc=1.0000 lr=5.00e-05
[Epoch 010/030] train_acc=0.9963 val_acc=1.0000 val_f1=1.0000 val_auc=1.0000 lr=5.00e-05
[Epoch 011/030] train_acc=0.9994 val_acc=1.0000 val_f1=1.0000 val_auc=1.0000 lr=5.00e-05
[Epoch 012/030] train_acc=0.9986 val_acc=1.0000 val_f1=1.0000 val_auc=1.0000 lr=5.00e-05
[Epoch 013/030] train_acc=0.9989 val_acc=1.0000 val_f1=1.0000 val_auc=1.0000 lr=2.50e-05
[Epoch 014/030] train_acc=0.9991 val_acc=1.0000 val_f1=1.0000 val_auc=1.0000 lr=2.50e-05
[Epoch 015/030] train_acc=0.9997 val_acc=1.0000 val_f1=1.0000 val_auc=1.0000 lr=2.50e-05
[Early Stop] No improvement in val_f1 for 15 epochs. Stopping at epoch 16.
Loading best checkpoint from epoch 1 (val_f1=1.0000)
  Acc=99.83%  F1=99.84%  G-mean=99.80%  Kappa=99.79%, AUC=100.00%

──────────────────────────────────────────────────────────────────────
[2/12]  Mel × GASF  (mel_gasf)
  Dataset: /home/yangchen/git_clone/AW-DPCNN/datasets/rep_compare/mel_gasf
──────────────────────────────────────────────────────────────────────
[torch.compile] Model compiled (mode=default)
msca_vgg16 | Params: 26.82M | FLOPs: 15946.68M
[Epoch 001/030] train_acc=0.8766 val_acc=1.0000 val_f1=1.0000 val_auc=1.0000 lr=1.00e-04
[Epoch 002/030] train_acc=0.9800 val_acc=0.9992 val_f1=0.9992 val_auc=1.0000 lr=1.00e-04
[Epoch 003/030] train_acc=0.9871 val_acc=1.0000 val_f1=1.0000 val_auc=1.0000 lr=1.00e-04
[Epoch 004/030] train_acc=0.9903 val_acc=1.0000 val_f1=1.0000 val_auc=1.0000 lr=1.00e-04
[Epoch 005/030] train_acc=0.9946 val_acc=1.0000 val_f1=1.0000 val_auc=1.0000 lr=1.00e-04
[Epoch 006/030] train_acc=0.9943 val_acc=0.9584 val_f1=0.9542 val_auc=1.0000 lr=1.00e-04
[Epoch 007/030] train_acc=0.9874 val_acc=0.9992 val_f1=0.9992 val_auc=1.0000 lr=5.00e-05
[Epoch 008/030] train_acc=0.9971 val_acc=1.0000 val_f1=1.0000 val_auc=1.0000 lr=5.00e-05
[Epoch 009/030] train_acc=0.9951 val_acc=1.0000 val_f1=1.0000 val_auc=1.0000 lr=5.00e-05
[Epoch 010/030] train_acc=0.9954 val_acc=1.0000 val_f1=1.0000 val_auc=1.0000 lr=5.00e-05
[Epoch 011/030] train_acc=0.9969 val_acc=1.0000 val_f1=1.0000 val_auc=1.0000 lr=5.00e-05
[Epoch 012/030] train_acc=0.9983 val_acc=1.0000 val_f1=1.0000 val_auc=1.0000 lr=5.00e-05
[Epoch 013/030] train_acc=0.9989 val_acc=1.0000 val_f1=1.0000 val_auc=1.0000 lr=2.50e-05
[Epoch 014/030] train_acc=0.9989 val_acc=1.0000 val_f1=1.0000 val_auc=1.0000 lr=2.50e-05
[Epoch 015/030] train_acc=0.9994 val_acc=1.0000 val_f1=1.0000 val_auc=1.0000 lr=2.50e-05
[Early Stop] No improvement in val_f1 for 15 epochs. Stopping at epoch 16.
Loading best checkpoint from epoch 1 (val_f1=1.0000)
  Acc=99.58%  F1=99.55%  G-mean=99.49%  Kappa=99.46%, AUC=100.00%

──────────────────────────────────────────────────────────────────────
[3/12]  Mel × MTF  (mel_mtf)
  Dataset: /home/yangchen/git_clone/AW-DPCNN/datasets/rep_compare/mel_mtf
──────────────────────────────────────────────────────────────────────
[torch.compile] Model compiled (mode=default)
msca_vgg16 | Params: 26.82M | FLOPs: 15946.68M
[Epoch 001/030] train_acc=0.7981 val_acc=0.9525 val_f1=0.9520 val_auc=0.9984 lr=1.00e-04
[Epoch 002/030] train_acc=0.9594 val_acc=0.9873 val_f1=0.9878 val_auc=0.9999 lr=1.00e-04
[Epoch 003/030] train_acc=0.9823 val_acc=0.9975 val_f1=0.9976 val_auc=1.0000 lr=1.00e-04
[Epoch 004/030] train_acc=0.9851 val_acc=0.9703 val_f1=0.9707 val_auc=0.9998 lr=1.00e-04
[Epoch 005/030] train_acc=0.9831 val_acc=0.9975 val_f1=0.9976 val_auc=1.0000 lr=1.00e-04
[Epoch 006/030] train_acc=0.9937 val_acc=0.9992 val_f1=0.9992 val_auc=0.9999 lr=1.00e-04
[Epoch 007/030] train_acc=0.9923 val_acc=0.9983 val_f1=0.9984 val_auc=1.0000 lr=1.00e-04
[Epoch 008/030] train_acc=0.9931 val_acc=0.9992 val_f1=0.9992 val_auc=1.0000 lr=1.00e-04
[Epoch 009/030] train_acc=0.9940 val_acc=0.9924 val_f1=0.9927 val_auc=1.0000 lr=1.00e-04
[Epoch 010/030] train_acc=0.9946 val_acc=0.9992 val_f1=0.9992 val_auc=1.0000 lr=1.00e-04
[Epoch 011/030] train_acc=0.9969 val_acc=0.9958 val_f1=0.9960 val_auc=1.0000 lr=1.00e-04
[Epoch 012/030] train_acc=0.9974 val_acc=0.9958 val_f1=0.9960 val_auc=1.0000 lr=5.00e-05
[Epoch 013/030] train_acc=0.9983 val_acc=0.9983 val_f1=0.9984 val_auc=1.0000 lr=5.00e-05
[Epoch 014/030] train_acc=0.9994 val_acc=0.9992 val_f1=0.9992 val_auc=1.0000 lr=5.00e-05
[Epoch 015/030] train_acc=0.9986 val_acc=0.9992 val_f1=0.9992 val_auc=1.0000 lr=5.00e-05
[Epoch 016/030] train_acc=0.9994 val_acc=0.9992 val_f1=0.9992 val_auc=1.0000 lr=5.00e-05
[Epoch 017/030] train_acc=0.9994 val_acc=0.9992 val_f1=0.9992 val_auc=1.0000 lr=5.00e-05
[Epoch 018/030] train_acc=0.9997 val_acc=0.9992 val_f1=0.9992 val_auc=1.0000 lr=2.50e-05
[Epoch 019/030] train_acc=0.9991 val_acc=0.9992 val_f1=0.9992 val_auc=1.0000 lr=2.50e-05
[Epoch 020/030] train_acc=0.9974 val_acc=0.9992 val_f1=0.9992 val_auc=1.0000 lr=2.50e-05
[Early Stop] No improvement in val_f1 for 15 epochs. Stopping at epoch 21.
Loading best checkpoint from epoch 6 (val_f1=0.9992)
  Acc=99.92%  F1=99.92%  G-mean=99.94%  Kappa=99.89%, AUC=100.00%

──────────────────────────────────────────────────────────────────────
[4/12]  Mel × RP  (mel_rp)
  Dataset: /home/yangchen/git_clone/AW-DPCNN/datasets/rep_compare/mel_rp
──────────────────────────────────────────────────────────────────────
[torch.compile] Model compiled (mode=default)
msca_vgg16 | Params: 26.82M | FLOPs: 15946.68M
[Epoch 001/030] train_acc=0.8186 val_acc=0.8176 val_f1=0.7414 val_auc=0.9893 lr=1.00e-04
[Epoch 002/030] train_acc=0.9569 val_acc=0.9924 val_f1=0.9930 val_auc=0.9996 lr=1.00e-04
[Epoch 003/030] train_acc=0.9800 val_acc=0.8499 val_f1=0.8097 val_auc=0.9967 lr=1.00e-04
[Epoch 004/030] train_acc=0.9829 val_acc=0.9864 val_f1=0.9878 val_auc=0.9991 lr=1.00e-04
[Epoch 005/030] train_acc=0.9880 val_acc=0.7964 val_f1=0.8184 val_auc=0.9906 lr=1.00e-04
[Epoch 006/030] train_acc=0.9829 val_acc=0.9975 val_f1=0.9977 val_auc=1.0000 lr=1.00e-04
[Epoch 007/030] train_acc=0.9897 val_acc=1.0000 val_f1=1.0000 val_auc=1.0000 lr=1.00e-04
[Epoch 008/030] train_acc=0.9934 val_acc=0.9992 val_f1=0.9992 val_auc=1.0000 lr=1.00e-04
[Epoch 009/030] train_acc=0.9966 val_acc=1.0000 val_f1=1.0000 val_auc=1.0000 lr=1.00e-04
[Epoch 010/030] train_acc=0.9943 val_acc=1.0000 val_f1=1.0000 val_auc=1.0000 lr=1.00e-04
[Epoch 011/030] train_acc=0.9974 val_acc=0.8159 val_f1=0.7401 val_auc=0.8269 lr=1.00e-04
[Epoch 012/030] train_acc=0.9946 val_acc=0.9992 val_f1=0.9992 val_auc=1.0000 lr=1.00e-04
[Epoch 013/030] train_acc=0.9943 val_acc=0.9949 val_f1=0.9952 val_auc=1.0000 lr=5.00e-05
[Epoch 014/030] train_acc=0.9994 val_acc=0.9983 val_f1=0.9984 val_auc=1.0000 lr=5.00e-05
[Epoch 015/030] train_acc=0.9986 val_acc=0.9983 val_f1=0.9984 val_auc=1.0000 lr=5.00e-05
[Epoch 016/030] train_acc=0.9986 val_acc=0.9983 val_f1=0.9984 val_auc=1.0000 lr=5.00e-05
[Epoch 017/030] train_acc=1.0000 val_acc=0.9983 val_f1=0.9984 val_auc=1.0000 lr=5.00e-05
[Epoch 018/030] train_acc=1.0000 val_acc=0.9975 val_f1=0.9976 val_auc=1.0000 lr=5.00e-05
[Epoch 019/030] train_acc=1.0000 val_acc=0.9983 val_f1=0.9984 val_auc=1.0000 lr=2.50e-05
[Epoch 020/030] train_acc=0.9989 val_acc=0.9983 val_f1=0.9984 val_auc=1.0000 lr=2.50e-05
[Epoch 021/030] train_acc=0.9991 val_acc=0.9992 val_f1=0.9992 val_auc=1.0000 lr=2.50e-05
[Early Stop] No improvement in val_f1 for 15 epochs. Stopping at epoch 22.
Loading best checkpoint from epoch 7 (val_f1=1.0000)
  Acc=100.00%  F1=100.00%  G-mean=100.00%  Kappa=100.00%, AUC=100.00%

──────────────────────────────────────────────────────────────────────
[5/12]  STFT × GADF  (stft_gadf)
  Dataset: /home/yangchen/git_clone/AW-DPCNN/datasets/rep_compare/stft_gadf
──────────────────────────────────────────────────────────────────────
[torch.compile] Model compiled (mode=default)
msca_vgg16 | Params: 26.82M | FLOPs: 15946.68M
[Epoch 001/030] train_acc=0.9163 val_acc=1.0000 val_f1=1.0000 val_auc=1.0000 lr=1.00e-04
[Epoch 002/030] train_acc=0.9934 val_acc=1.0000 val_f1=1.0000 val_auc=1.0000 lr=1.00e-04
[Epoch 003/030] train_acc=0.9854 val_acc=0.9593 val_f1=0.9530 val_auc=1.0000 lr=1.00e-04
[Epoch 004/030] train_acc=0.9920 val_acc=1.0000 val_f1=1.0000 val_auc=1.0000 lr=1.00e-04
[Epoch 005/030] train_acc=0.9957 val_acc=1.0000 val_f1=1.0000 val_auc=1.0000 lr=1.00e-04
[Epoch 006/030] train_acc=0.9960 val_acc=1.0000 val_f1=1.0000 val_auc=1.0000 lr=1.00e-04
[Epoch 007/030] train_acc=0.9923 val_acc=1.0000 val_f1=1.0000 val_auc=1.0000 lr=5.00e-05
[Epoch 008/030] train_acc=0.9991 val_acc=1.0000 val_f1=1.0000 val_auc=1.0000 lr=5.00e-05
[Epoch 009/030] train_acc=0.9980 val_acc=1.0000 val_f1=1.0000 val_auc=1.0000 lr=5.00e-05
[Epoch 010/030] train_acc=0.9969 val_acc=1.0000 val_f1=1.0000 val_auc=1.0000 lr=5.00e-05
[Epoch 011/030] train_acc=0.9980 val_acc=1.0000 val_f1=1.0000 val_auc=1.0000 lr=5.00e-05
[Epoch 012/030] train_acc=0.9994 val_acc=1.0000 val_f1=1.0000 val_auc=1.0000 lr=5.00e-05
[Epoch 013/030] train_acc=0.9994 val_acc=1.0000 val_f1=1.0000 val_auc=1.0000 lr=2.50e-05
[Epoch 014/030] train_acc=1.0000 val_acc=1.0000 val_f1=1.0000 val_auc=1.0000 lr=2.50e-05
[Epoch 015/030] train_acc=0.9997 val_acc=1.0000 val_f1=1.0000 val_auc=1.0000 lr=2.50e-05
[Early Stop] No improvement in val_f1 for 15 epochs. Stopping at epoch 16.
Loading best checkpoint from epoch 1 (val_f1=1.0000)
  Acc=100.00%  F1=100.00%  G-mean=100.00%  Kappa=100.00%, AUC=100.00%

──────────────────────────────────────────────────────────────────────
[6/12]  STFT × GASF  (stft_gasf)
  Dataset: /home/yangchen/git_clone/AW-DPCNN/datasets/rep_compare/stft_gasf
──────────────────────────────────────────────────────────────────────
[torch.compile] Model compiled (mode=default)
msca_vgg16 | Params: 26.82M | FLOPs: 15946.68M
[Epoch 001/030] train_acc=0.9020 val_acc=0.9992 val_f1=0.9990 val_auc=1.0000 lr=1.00e-04
[Epoch 002/030] train_acc=0.9794 val_acc=1.0000 val_f1=1.0000 val_auc=1.0000 lr=1.00e-04
[Epoch 003/030] train_acc=0.9874 val_acc=1.0000 val_f1=1.0000 val_auc=1.0000 lr=1.00e-04
[Epoch 004/030] train_acc=0.9889 val_acc=1.0000 val_f1=1.0000 val_auc=1.0000 lr=1.00e-04
[Epoch 005/030] train_acc=0.9937 val_acc=1.0000 val_f1=1.0000 val_auc=1.0000 lr=1.00e-04
[Epoch 006/030] train_acc=0.9977 val_acc=1.0000 val_f1=1.0000 val_auc=1.0000 lr=1.00e-04
[Epoch 007/030] train_acc=0.9903 val_acc=1.0000 val_f1=1.0000 val_auc=1.0000 lr=1.00e-04
[Epoch 008/030] train_acc=0.9974 val_acc=1.0000 val_f1=1.0000 val_auc=1.0000 lr=5.00e-05
[Epoch 009/030] train_acc=0.9954 val_acc=1.0000 val_f1=1.0000 val_auc=1.0000 lr=5.00e-05
[Epoch 010/030] train_acc=0.9971 val_acc=0.9975 val_f1=0.9976 val_auc=1.0000 lr=5.00e-05
[Epoch 011/030] train_acc=0.9974 val_acc=1.0000 val_f1=1.0000 val_auc=1.0000 lr=5.00e-05
[Epoch 012/030] train_acc=0.9989 val_acc=1.0000 val_f1=1.0000 val_auc=1.0000 lr=5.00e-05
[Epoch 013/030] train_acc=0.9983 val_acc=1.0000 val_f1=1.0000 val_auc=1.0000 lr=5.00e-05
[Epoch 014/030] train_acc=0.9983 val_acc=1.0000 val_f1=1.0000 val_auc=1.0000 lr=2.50e-05
[Epoch 015/030] train_acc=0.9989 val_acc=1.0000 val_f1=1.0000 val_auc=1.0000 lr=2.50e-05
[Epoch 016/030] train_acc=0.9989 val_acc=1.0000 val_f1=1.0000 val_auc=1.0000 lr=2.50e-05
[Early Stop] No improvement in val_f1 for 15 epochs. Stopping at epoch 17.
Loading best checkpoint from epoch 2 (val_f1=1.0000)
  Acc=99.83%  F1=99.84%  G-mean=99.80%  Kappa=99.79%, AUC=100.00%

──────────────────────────────────────────────────────────────────────
[7/12]  STFT × MTF  (stft_mtf)
  Dataset: /home/yangchen/git_clone/AW-DPCNN/datasets/rep_compare/stft_mtf
──────────────────────────────────────────────────────────────────────
[torch.compile] Model compiled (mode=default)
msca_vgg16 | Params: 26.82M | FLOPs: 15946.68M
[Epoch 001/030] train_acc=0.7978 val_acc=0.9406 val_f1=0.9481 val_auc=0.9971 lr=1.00e-04
[Epoch 002/030] train_acc=0.9512 val_acc=0.9949 val_f1=0.9953 val_auc=1.0000 lr=1.00e-04
[Epoch 003/030] train_acc=0.9771 val_acc=0.8092 val_f1=0.7269 val_auc=0.9990 lr=1.00e-04
[Epoch 004/030] train_acc=0.9746 val_acc=0.9949 val_f1=0.9952 val_auc=1.0000 lr=1.00e-04
[Epoch 005/030] train_acc=0.9854 val_acc=0.8906 val_f1=0.9000 val_auc=0.9995 lr=1.00e-04
[Epoch 006/030] train_acc=0.9911 val_acc=0.8830 val_f1=0.8971 val_auc=0.9987 lr=1.00e-04
[Epoch 007/030] train_acc=0.9900 val_acc=0.9975 val_f1=0.9976 val_auc=1.0000 lr=1.00e-04
[Epoch 008/030] train_acc=0.9951 val_acc=0.9992 val_f1=0.9992 val_auc=1.0000 lr=1.00e-04
[Epoch 009/030] train_acc=0.9951 val_acc=0.9907 val_f1=0.9913 val_auc=1.0000 lr=1.00e-04
[Epoch 010/030] train_acc=0.9951 val_acc=0.9958 val_f1=0.9960 val_auc=1.0000 lr=1.00e-04
[Epoch 011/030] train_acc=0.9977 val_acc=0.9992 val_f1=0.9992 val_auc=1.0000 lr=1.00e-04
[Epoch 012/030] train_acc=0.9943 val_acc=0.9949 val_f1=0.9952 val_auc=1.0000 lr=1.00e-04
[Epoch 013/030] train_acc=0.9994 val_acc=0.9992 val_f1=0.9992 val_auc=1.0000 lr=1.00e-04
[Epoch 014/030] train_acc=0.9989 val_acc=0.9898 val_f1=0.9904 val_auc=1.0000 lr=5.00e-05
[Epoch 015/030] train_acc=0.9977 val_acc=0.9992 val_f1=0.9992 val_auc=1.0000 lr=5.00e-05
[Epoch 016/030] train_acc=0.9994 val_acc=1.0000 val_f1=1.0000 val_auc=1.0000 lr=5.00e-05
[Epoch 017/030] train_acc=0.9977 val_acc=1.0000 val_f1=1.0000 val_auc=1.0000 lr=5.00e-05
[Epoch 018/030] train_acc=0.9977 val_acc=1.0000 val_f1=1.0000 val_auc=1.0000 lr=5.00e-05
[Epoch 019/030] train_acc=0.9983 val_acc=0.9992 val_f1=0.9992 val_auc=1.0000 lr=5.00e-05
[Epoch 020/030] train_acc=0.9989 val_acc=1.0000 val_f1=1.0000 val_auc=1.0000 lr=5.00e-05
[Epoch 021/030] train_acc=0.9929 val_acc=0.9992 val_f1=0.9992 val_auc=1.0000 lr=5.00e-05
[Epoch 022/030] train_acc=0.9977 val_acc=0.9992 val_f1=0.9992 val_auc=1.0000 lr=2.50e-05
[Epoch 023/030] train_acc=0.9997 val_acc=0.9992 val_f1=0.9992 val_auc=1.0000 lr=2.50e-05
[Epoch 024/030] train_acc=0.9991 val_acc=1.0000 val_f1=1.0000 val_auc=1.0000 lr=2.50e-05
[Epoch 025/030] train_acc=0.9994 val_acc=1.0000 val_f1=1.0000 val_auc=1.0000 lr=2.50e-05
[Epoch 026/030] train_acc=0.9994 val_acc=1.0000 val_f1=1.0000 val_auc=1.0000 lr=2.50e-05
[Epoch 027/030] train_acc=0.9997 val_acc=1.0000 val_f1=1.0000 val_auc=1.0000 lr=2.50e-05
[Epoch 028/030] train_acc=0.9986 val_acc=1.0000 val_f1=1.0000 val_auc=1.0000 lr=1.25e-05
[Epoch 029/030] train_acc=1.0000 val_acc=1.0000 val_f1=1.0000 val_auc=1.0000 lr=1.25e-05
[Epoch 030/030] train_acc=1.0000 val_acc=1.0000 val_f1=1.0000 val_auc=1.0000 lr=1.25e-05
Loading best checkpoint from epoch 16 (val_f1=1.0000)
  Acc=100.00%  F1=100.00%  G-mean=100.00%  Kappa=100.00%, AUC=100.00%

──────────────────────────────────────────────────────────────────────
[8/12]  STFT × RP  (stft_rp)
  Dataset: /home/yangchen/git_clone/AW-DPCNN/datasets/rep_compare/stft_rp
──────────────────────────────────────────────────────────────────────
[torch.compile] Model compiled (mode=default)
msca_vgg16 | Params: 26.82M | FLOPs: 15946.68M
[Epoch 001/030] train_acc=0.8689 val_acc=0.9635 val_f1=0.9665 val_auc=0.9979 lr=1.00e-04
[Epoch 002/030] train_acc=0.9714 val_acc=0.8745 val_f1=0.8879 val_auc=1.0000 lr=1.00e-04
[Epoch 003/030] train_acc=0.9806 val_acc=0.9907 val_f1=0.9915 val_auc=0.9998 lr=1.00e-04
[Epoch 004/030] train_acc=0.9863 val_acc=0.9924 val_f1=0.9932 val_auc=0.9997 lr=1.00e-04
[Epoch 005/030] train_acc=0.9906 val_acc=0.9839 val_f1=0.9855 val_auc=0.9986 lr=1.00e-04
[Epoch 006/030] train_acc=0.9954 val_acc=0.9805 val_f1=0.9819 val_auc=0.9997 lr=1.00e-04
[Epoch 007/030] train_acc=0.9969 val_acc=0.9975 val_f1=0.9976 val_auc=1.0000 lr=1.00e-04
[Epoch 008/030] train_acc=0.9974 val_acc=1.0000 val_f1=1.0000 val_auc=1.0000 lr=1.00e-04
[Epoch 009/030] train_acc=0.9911 val_acc=0.9822 val_f1=0.9834 val_auc=1.0000 lr=1.00e-04
[Epoch 010/030] train_acc=0.9963 val_acc=1.0000 val_f1=1.0000 val_auc=1.0000 lr=1.00e-04
[Epoch 011/030] train_acc=0.9991 val_acc=1.0000 val_f1=1.0000 val_auc=1.0000 lr=1.00e-04
[Epoch 012/030] train_acc=0.9969 val_acc=1.0000 val_f1=1.0000 val_auc=1.0000 lr=1.00e-04
[Epoch 013/030] train_acc=0.9986 val_acc=0.9864 val_f1=0.9879 val_auc=0.9999 lr=1.00e-04
[Epoch 014/030] train_acc=0.9983 val_acc=1.0000 val_f1=1.0000 val_auc=1.0000 lr=5.00e-05
[Epoch 015/030] train_acc=0.9991 val_acc=1.0000 val_f1=1.0000 val_auc=1.0000 lr=5.00e-05
[Epoch 016/030] train_acc=0.9994 val_acc=0.9992 val_f1=0.9992 val_auc=1.0000 lr=5.00e-05
[Epoch 017/030] train_acc=0.9997 val_acc=1.0000 val_f1=1.0000 val_auc=1.0000 lr=5.00e-05
[Epoch 018/030] train_acc=1.0000 val_acc=0.9992 val_f1=0.9992 val_auc=1.0000 lr=5.00e-05
[Epoch 019/030] train_acc=1.0000 val_acc=1.0000 val_f1=1.0000 val_auc=1.0000 lr=5.00e-05
[Epoch 020/030] train_acc=0.9934 val_acc=0.9983 val_f1=0.9984 val_auc=1.0000 lr=2.50e-05
[Epoch 021/030] train_acc=0.9983 val_acc=0.9975 val_f1=0.9976 val_auc=1.0000 lr=2.50e-05
[Epoch 022/030] train_acc=0.9977 val_acc=0.9983 val_f1=0.9984 val_auc=1.0000 lr=2.50e-05
[Early Stop] No improvement in val_f1 for 15 epochs. Stopping at epoch 23.
Loading best checkpoint from epoch 8 (val_f1=1.0000)
  Acc=99.92%  F1=99.92%  G-mean=99.94%  Kappa=99.89%, AUC=100.00%

──────────────────────────────────────────────────────────────────────
[9/12]  CWT × GADF  (cwt_gadf)
  Dataset: /home/yangchen/git_clone/AW-DPCNN/datasets/rep_compare/cwt_gadf
──────────────────────────────────────────────────────────────────────
[torch.compile] Model compiled (mode=default)
msca_vgg16 | Params: 26.82M | FLOPs: 15946.68M
[Epoch 001/030] train_acc=0.8832 val_acc=1.0000 val_f1=1.0000 val_auc=1.0000 lr=1.00e-04
[Epoch 002/030] train_acc=0.9914 val_acc=0.9983 val_f1=0.9984 val_auc=1.0000 lr=1.00e-04
[Epoch 003/030] train_acc=0.9880 val_acc=0.9992 val_f1=0.9992 val_auc=1.0000 lr=1.00e-04
[Epoch 004/030] train_acc=0.9957 val_acc=1.0000 val_f1=1.0000 val_auc=1.0000 lr=1.00e-04
[Epoch 005/030] train_acc=0.9946 val_acc=1.0000 val_f1=1.0000 val_auc=1.0000 lr=1.00e-04
[Epoch 006/030] train_acc=0.9974 val_acc=1.0000 val_f1=1.0000 val_auc=1.0000 lr=1.00e-04
[Epoch 007/030] train_acc=0.9909 val_acc=1.0000 val_f1=1.0000 val_auc=1.0000 lr=5.00e-05
[Epoch 008/030] train_acc=0.9983 val_acc=1.0000 val_f1=1.0000 val_auc=1.0000 lr=5.00e-05
[Epoch 009/030] train_acc=0.9971 val_acc=1.0000 val_f1=1.0000 val_auc=1.0000 lr=5.00e-05
[Epoch 010/030] train_acc=0.9969 val_acc=1.0000 val_f1=1.0000 val_auc=1.0000 lr=5.00e-05
[Epoch 011/030] train_acc=0.9986 val_acc=1.0000 val_f1=1.0000 val_auc=1.0000 lr=5.00e-05
[Epoch 012/030] train_acc=0.9991 val_acc=1.0000 val_f1=1.0000 val_auc=1.0000 lr=5.00e-05
[Epoch 013/030] train_acc=0.9989 val_acc=1.0000 val_f1=1.0000 val_auc=1.0000 lr=2.50e-05
[Epoch 014/030] train_acc=0.9997 val_acc=1.0000 val_f1=1.0000 val_auc=1.0000 lr=2.50e-05
[Epoch 015/030] train_acc=0.9997 val_acc=1.0000 val_f1=1.0000 val_auc=1.0000 lr=2.50e-05
[Early Stop] No improvement in val_f1 for 15 epochs. Stopping at epoch 16.
Loading best checkpoint from epoch 1 (val_f1=1.0000)
  Acc=100.00%  F1=100.00%  G-mean=100.00%  Kappa=100.00%, AUC=100.00%

──────────────────────────────────────────────────────────────────────
[10/12]  CWT × GASF  (cwt_gasf)
  Dataset: /home/yangchen/git_clone/AW-DPCNN/datasets/rep_compare/cwt_gasf
──────────────────────────────────────────────────────────────────────
[torch.compile] Model compiled (mode=default)
msca_vgg16 | Params: 26.82M | FLOPs: 15946.68M
[Epoch 001/030] train_acc=0.8817 val_acc=0.9992 val_f1=0.9992 val_auc=1.0000 lr=1.00e-04
[Epoch 002/030] train_acc=0.9769 val_acc=1.0000 val_f1=1.0000 val_auc=1.0000 lr=1.00e-04
[Epoch 003/030] train_acc=0.9874 val_acc=1.0000 val_f1=1.0000 val_auc=1.0000 lr=1.00e-04
[Epoch 004/030] train_acc=0.9831 val_acc=0.9992 val_f1=0.9992 val_auc=1.0000 lr=1.00e-04
[Epoch 005/030] train_acc=0.9914 val_acc=0.9796 val_f1=0.9813 val_auc=1.0000 lr=1.00e-04
[Epoch 006/030] train_acc=0.9926 val_acc=1.0000 val_f1=1.0000 val_auc=1.0000 lr=1.00e-04
[Epoch 007/030] train_acc=0.9966 val_acc=1.0000 val_f1=1.0000 val_auc=1.0000 lr=1.00e-04
[Epoch 008/030] train_acc=0.9994 val_acc=1.0000 val_f1=1.0000 val_auc=1.0000 lr=5.00e-05
[Epoch 009/030] train_acc=0.9983 val_acc=1.0000 val_f1=1.0000 val_auc=1.0000 lr=5.00e-05
[Epoch 010/030] train_acc=0.9986 val_acc=0.9992 val_f1=0.9992 val_auc=1.0000 lr=5.00e-05
[Epoch 011/030] train_acc=0.9997 val_acc=1.0000 val_f1=1.0000 val_auc=1.0000 lr=5.00e-05
[Epoch 012/030] train_acc=0.9997 val_acc=1.0000 val_f1=1.0000 val_auc=1.0000 lr=5.00e-05
[Epoch 013/030] train_acc=1.0000 val_acc=1.0000 val_f1=1.0000 val_auc=1.0000 lr=5.00e-05
[Epoch 014/030] train_acc=1.0000 val_acc=1.0000 val_f1=1.0000 val_auc=1.0000 lr=2.50e-05
[Epoch 015/030] train_acc=1.0000 val_acc=1.0000 val_f1=1.0000 val_auc=1.0000 lr=2.50e-05
[Epoch 016/030] train_acc=0.9997 val_acc=1.0000 val_f1=1.0000 val_auc=1.0000 lr=2.50e-05
[Early Stop] No improvement in val_f1 for 15 epochs. Stopping at epoch 17.
Loading best checkpoint from epoch 2 (val_f1=1.0000)
  Acc=99.66%  F1=99.68%  G-mean=99.59%  Kappa=99.57%, AUC=100.00%

──────────────────────────────────────────────────────────────────────
[11/12]  CWT × MTF  (cwt_mtf)
  Dataset: /home/yangchen/git_clone/AW-DPCNN/datasets/rep_compare/cwt_mtf
──────────────────────────────────────────────────────────────────────
[torch.compile] Model compiled (mode=default)
msca_vgg16 | Params: 26.82M | FLOPs: 15946.68M
[Epoch 001/030] train_acc=0.8480 val_acc=0.9881 val_f1=0.9887 val_auc=0.9992 lr=1.00e-04
[Epoch 002/030] train_acc=0.9717 val_acc=0.9898 val_f1=0.9904 val_auc=1.0000 lr=1.00e-04
[Epoch 003/030] train_acc=0.9837 val_acc=0.9949 val_f1=0.9952 val_auc=1.0000 lr=1.00e-04
[Epoch 004/030] train_acc=0.9897 val_acc=0.9915 val_f1=0.9920 val_auc=1.0000 lr=1.00e-04
[Epoch 005/030] train_acc=0.9946 val_acc=0.9932 val_f1=0.9936 val_auc=1.0000 lr=1.00e-04
[Epoch 006/030] train_acc=0.9937 val_acc=0.9983 val_f1=0.9985 val_auc=1.0000 lr=1.00e-04
[Epoch 007/030] train_acc=0.9963 val_acc=0.9915 val_f1=0.9920 val_auc=1.0000 lr=1.00e-04
[Epoch 008/030] train_acc=0.9951 val_acc=0.9983 val_f1=0.9984 val_auc=1.0000 lr=1.00e-04
[Epoch 009/030] train_acc=0.9951 val_acc=0.9941 val_f1=0.9944 val_auc=1.0000 lr=1.00e-04
[Epoch 010/030] train_acc=0.9977 val_acc=0.9958 val_f1=0.9960 val_auc=1.0000 lr=1.00e-04
[Epoch 011/030] train_acc=0.9980 val_acc=0.9966 val_f1=0.9969 val_auc=1.0000 lr=1.00e-04
[Epoch 012/030] train_acc=0.9980 val_acc=0.9975 val_f1=0.9976 val_auc=1.0000 lr=5.00e-05
[Epoch 013/030] train_acc=0.9977 val_acc=0.9966 val_f1=0.9969 val_auc=1.0000 lr=5.00e-05
[Epoch 014/030] train_acc=0.9997 val_acc=0.9983 val_f1=0.9985 val_auc=1.0000 lr=5.00e-05
[Epoch 015/030] train_acc=0.9983 val_acc=0.9966 val_f1=0.9969 val_auc=1.0000 lr=5.00e-05
[Epoch 016/030] train_acc=0.9986 val_acc=0.9983 val_f1=0.9985 val_auc=1.0000 lr=5.00e-05
[Epoch 017/030] train_acc=0.9997 val_acc=0.9975 val_f1=0.9977 val_auc=1.0000 lr=5.00e-05
[Epoch 018/030] train_acc=0.9994 val_acc=0.9975 val_f1=0.9977 val_auc=1.0000 lr=2.50e-05
[Epoch 019/030] train_acc=0.9989 val_acc=1.0000 val_f1=1.0000 val_auc=1.0000 lr=2.50e-05
[Epoch 020/030] train_acc=0.9997 val_acc=0.9983 val_f1=0.9984 val_auc=1.0000 lr=2.50e-05
[Epoch 021/030] train_acc=0.9994 val_acc=0.9983 val_f1=0.9984 val_auc=1.0000 lr=2.50e-05
[Epoch 022/030] train_acc=0.9994 val_acc=0.9983 val_f1=0.9985 val_auc=1.0000 lr=2.50e-05
[Epoch 023/030] train_acc=0.9989 val_acc=0.9975 val_f1=0.9977 val_auc=1.0000 lr=2.50e-05
[Epoch 024/030] train_acc=1.0000 val_acc=0.9983 val_f1=0.9984 val_auc=1.0000 lr=2.50e-05
[Epoch 025/030] train_acc=0.9994 val_acc=0.9992 val_f1=0.9992 val_auc=1.0000 lr=1.25e-05
[Epoch 026/030] train_acc=1.0000 val_acc=0.9983 val_f1=0.9984 val_auc=1.0000 lr=1.25e-05
[Epoch 027/030] train_acc=1.0000 val_acc=0.9983 val_f1=0.9985 val_auc=1.0000 lr=1.25e-05
[Epoch 028/030] train_acc=1.0000 val_acc=0.9992 val_f1=0.9992 val_auc=1.0000 lr=1.25e-05
[Epoch 029/030] train_acc=1.0000 val_acc=0.9975 val_f1=0.9977 val_auc=1.0000 lr=1.25e-05
[Epoch 030/030] train_acc=1.0000 val_acc=0.9992 val_f1=0.9992 val_auc=1.0000 lr=1.25e-05
Loading best checkpoint from epoch 19 (val_f1=1.0000)
  Acc=100.00%  F1=100.00%  G-mean=100.00%  Kappa=100.00%, AUC=100.00%

──────────────────────────────────────────────────────────────────────
[12/12]  CWT × RP  (cwt_rp)
  Dataset: /home/yangchen/git_clone/AW-DPCNN/datasets/rep_compare/cwt_rp
──────────────────────────────────────────────────────────────────────
[torch.compile] Model compiled (mode=default)
msca_vgg16 | Params: 26.82M | FLOPs: 15946.68M
[Epoch 001/030] train_acc=0.8155 val_acc=0.8745 val_f1=0.8443 val_auc=0.9974 lr=1.00e-04
[Epoch 002/030] train_acc=0.9771 val_acc=0.9992 val_f1=0.9992 val_auc=1.0000 lr=1.00e-04
[Epoch 003/030] train_acc=0.9923 val_acc=0.9932 val_f1=0.9936 val_auc=1.0000 lr=1.00e-04
[Epoch 004/030] train_acc=0.9894 val_acc=1.0000 val_f1=1.0000 val_auc=1.0000 lr=1.00e-04
[Epoch 005/030] train_acc=0.9897 val_acc=0.8185 val_f1=0.8342 val_auc=0.9976 lr=1.00e-04
[Epoch 006/030] train_acc=0.9949 val_acc=0.9949 val_f1=0.9952 val_auc=1.0000 lr=1.00e-04
[Epoch 007/030] train_acc=0.9917 val_acc=1.0000 val_f1=1.0000 val_auc=1.0000 lr=1.00e-04
[Epoch 008/030] train_acc=0.9986 val_acc=1.0000 val_f1=1.0000 val_auc=1.0000 lr=1.00e-04
[Epoch 009/030] train_acc=0.9980 val_acc=1.0000 val_f1=1.0000 val_auc=1.0000 lr=1.00e-04
[Epoch 010/030] train_acc=0.9903 val_acc=0.9992 val_f1=0.9992 val_auc=1.0000 lr=5.00e-05
[Epoch 011/030] train_acc=0.9983 val_acc=0.9992 val_f1=0.9992 val_auc=1.0000 lr=5.00e-05
[Epoch 012/030] train_acc=0.9974 val_acc=1.0000 val_f1=1.0000 val_auc=1.0000 lr=5.00e-05
[Epoch 013/030] train_acc=0.9997 val_acc=1.0000 val_f1=1.0000 val_auc=1.0000 lr=5.00e-05
[Epoch 014/030] train_acc=1.0000 val_acc=1.0000 val_f1=1.0000 val_auc=1.0000 lr=5.00e-05
[Epoch 015/030] train_acc=1.0000 val_acc=1.0000 val_f1=1.0000 val_auc=1.0000 lr=5.00e-05
[Epoch 016/030] train_acc=0.9989 val_acc=1.0000 val_f1=1.0000 val_auc=1.0000 lr=2.50e-05
[Epoch 017/030] train_acc=0.9997 val_acc=1.0000 val_f1=1.0000 val_auc=1.0000 lr=2.50e-05
[Epoch 018/030] train_acc=1.0000 val_acc=0.9992 val_f1=0.9992 val_auc=1.0000 lr=2.50e-05
[Early Stop] No improvement in val_f1 for 15 epochs. Stopping at epoch 19.
Loading best checkpoint from epoch 4 (val_f1=1.0000)
  Acc=100.00%  F1=100.00%  G-mean=100.00%  Kappa=100.00%, AUC=100.00%


================================================================================
  REPRESENTATION COMPARISON — SUMMARY
  Model: msca_vgg16  |  Epochs: 30  |  Seed: 42
================================================================================

  CSV saved → /home/yangchen/git_clone/AW-DPCNN/experiments/rep_compare_results/msca_vgg16/comparison_summary_20260622_180555.csv

 Rank  TF     Temporal    Acc %     F1 %   G-mean %   B-Acc %   Kappa %
───────────────────────────────────────────────────────────────────────
 1     Mel    RP        100.00  100.00    100.00   100.00   100.00
 2     STFT   GADF      100.00  100.00    100.00   100.00   100.00
 3     STFT   MTF       100.00  100.00    100.00   100.00   100.00
 4     CWT    GADF      100.00  100.00    100.00   100.00   100.00
 5     CWT    MTF       100.00  100.00    100.00   100.00   100.00
 6     CWT    RP        100.00  100.00    100.00   100.00   100.00
 7     Mel    MTF        99.92   99.92     99.94    99.94    99.89
 8     STFT   RP         99.92   99.92     99.94    99.94    99.89
 9     Mel    GADF       99.83   99.84     99.80    99.80    99.79
 10    STFT   GASF       99.83   99.84     99.80    99.80    99.79
 11    CWT    GASF       99.66   99.68     99.59    99.60    99.57
 12    Mel    GASF       99.58   99.55     99.49    99.49    99.46


──────────────────────────────────────────────────────────────────────
  Grouped by Time‑Frequency method (average Accuracy %)
──────────────────────────────────────────────────────────────────────
  Mel    avg Acc = 99.83%  (n=4)
  STFT   avg Acc = 99.94%  (n=4)
  CWT    avg Acc = 99.92%  (n=4)

  Grouped by Temporal encoding method (average Accuracy %)
──────────────────────────────────────────────────────────────────────
  GADF      avg Acc = 99.94%  (n=3)
  GASF      avg Acc = 99.69%  (n=3)
  MTF       avg Acc = 99.97%  (n=3)
  RP        avg Acc = 99.97%  (n=3)

  ★ Best: Mel × RP  → Acc = 100.00%, F1 = 100.00%

================================================================================
  Done.
================================================================================
