This is pdfTeX, Version 3.141592653-2.6-1.40.22 (TeX Live 2022/dev/Debian) (preloaded format=pdflatex 2026.7.3)  8 AUG 2026 15:29
entering extended mode
 restricted \write18 enabled.
 file:line:error style messages enabled.
 %&-line parsing enabled.
**/home/yangchen/git_clone/AW-DPCNN/paper/manuscript
(/home/yangchen/git_clone/AW-DPCNN/paper/manuscript.tex
LaTeX2e <2021-11-15> patch level 1
L3 programming layer <2022-01-21> (./sn-jnl.cls
Document Class: sn-jnl 2019/11/18 v0.1: An authoring template for Springer Journal articles
(/usr/share/texlive/texmf-dist/tex/latex/base/article.cls
Document Class: article 2021/10/04 v1.4n Standard LaTeX document class
(/usr/share/texlive/texmf-dist/tex/latex/base/fleqn.clo
File: fleqn.clo 2016/12/29 v1.2b Standard LaTeX option (flush left equations)
\mathindent=\skip47
Applying: [2015/01/01] Make \[ robust on input line 50.
LaTeX Info: Redefining \[ on input line 51.
Already applied: [0000/00/00] Make \[ robust on input line 62.
Applying: [2015/01/01] Make \] robust on input line 74.
LaTeX Info: Redefining \] on input line 75.
Already applied: [0000/00/00] Make \] robust on input line 83.
) (/usr/share/texlive/texmf-dist/tex/latex/base/size10.clo
File: size10.clo 2021/10/04 v1.4n Standard LaTeX file (size option)
)
\c@part=\count185
\c@section=\count186
\c@subsection=\count187
\c@subsubsection=\count188
\c@paragraph=\count189
\c@subparagraph=\count190
\c@figure=\count191
\c@table=\count192
\abovecaptionskip=\skip48
\belowcaptionskip=\skip49
\bibindent=\dimen138
)
LaTeX Info: Redefining \rm on input line 146.
LaTeX Info: Redefining \sf on input line 147.
LaTeX Info: Redefining \tt on input line 148.
LaTeX Info: Redefining \bf on input line 149.
LaTeX Info: Redefining \it on input line 150.
LaTeX Info: Redefining \sl on input line 151.
LaTeX Info: Redefining \sc on input line 152.
LaTeX Info: Redefining \cal on input line 153.
LaTeX Info: Redefining \mit on input line 154.
LaTeX Info: Redefining \textsubscript on input line 212.
\columnhsize=\skip50
 (/usr/share/texlive/texmf-dist/tex/latex/geometry/geometry.sty
Package: geometry 2020/01/02 v5.9 Page Geometry
 (/usr/share/texlive/texmf-dist/tex/latex/graphics/keyval.sty
Package: keyval 2014/10/28 v1.15 key=value parser (DPC)
\KV@toks@=\toks16
) (/usr/share/texlive/texmf-dist/tex/generic/iftex/ifvtex.sty
Package: ifvtex 2019/10/25 v1.7 ifvtex legacy package. Use iftex instead.
 (/usr/share/texlive/texmf-dist/tex/generic/iftex/iftex.sty
Package: iftex 2020/03/06 v1.0d TeX engine tests
))
\Gm@cnth=\count193
\Gm@cntv=\count194
\c@Gm@tempcnt=\count195
\Gm@bindingoffset=\dimen139
\Gm@wd@mp=\dimen140
\Gm@odd@mp=\dimen141
\Gm@even@mp=\dimen142
\Gm@layoutwidth=\dimen143
\Gm@layoutheight=\dimen144
\Gm@layouthoffset=\dimen145
\Gm@layoutvoffset=\dimen146
\Gm@dimlist=\toks17
)
\artcatbox=\box50
\aucount=\count196
\corraucount=\count197
\punctcount=\count198
\emailcnt=\count199
\c@affn=\count266
\addcount=\count267
\PacsCount=\count268
\PacsTmpCnt=\count269
\FMremarkdim=\dimen147
\fmremarkbox=\box51
 (/usr/share/texlive/texmf-dist/tex/latex/sttools/cuted.sty
Package: cuted 2021/10/04 v2.0 Mixing onecolumn and twocolumn modes
\At@ViperColsBreak=\toks18
\preCutedStrip=\toks19
\postCutedStrip=\toks20
\cuted@@tempbox@a=\box52
\cuted@@tempbox@c=\box53
\cuted@@tempbox@var=\box54
\hold@viper=\box55
\@viper=\box56
\cuted@@varbox@a=\box57
\cuted@@varbox@c=\box58
\cuted@@tempdim@spread=\dimen148
\cuted@@tempdim@a=\dimen149
\cuted@@tempdim@b=\dimen150
\ht@hold@viper=\dimen151
\ht@viper=\dimen152
\var@@pagediscards@ht=\dimen153
\stripsep=\skip51
\viper@penalty=\count270
)
\firstpagehtcheck=\dimen154
\labelwidthi=\dimen155
\labelwidthii=\dimen156
\labelwidthiii=\dimen157
\labelwidthiv=\dimen158
\figwidth=\dimen159
\figheight=\dimen160
\sidecapwidth=\dimen161
\wrapcapline=\dimen162
\totalwrapline=\dimen163
\wraptotline=\dimen164
\figurebox=\box59
\wrapfigcapbox=\box60
\figcapbox=\box61
\capbox=\box62
\headwidthskip=\skip52
\tabcapbox=\box63
\temptbox=\box64
\tempdime=\dimen165
\tabhtdime=\dimen166
 (/usr/share/texlive/texmf-dist/tex/latex/graphics/rotating.sty
Package: rotating 2016/08/11 v2.16d rotated objects in LaTeX
 (/usr/share/texlive/texmf-dist/tex/latex/graphics/graphicx.sty
Package: graphicx 2021/09/16 v1.2d Enhanced LaTeX Graphics (DPC,SPQR)
 (/usr/share/texlive/texmf-dist/tex/latex/graphics/graphics.sty
Package: graphics 2021/03/04 v1.4d Standard LaTeX Graphics (DPC,SPQR)
 (/usr/share/texlive/texmf-dist/tex/latex/graphics/trig.sty
Package: trig 2021/08/11 v1.11 sin cos tan (DPC)
) (/usr/share/texlive/texmf-dist/tex/latex/graphics-cfg/graphics.cfg
File: graphics.cfg 2016/06/04 v1.11 sample graphics configuration
)
Package graphics Info: Driver file: pdftex.def on input line 107.
 (/usr/share/texlive/texmf-dist/tex/latex/graphics-def/pdftex.def
File: pdftex.def 2020/10/05 v1.2a Graphics/color driver for pdftex
))
\Gin@req@height=\dimen167
\Gin@req@width=\dimen168
) (/usr/share/texlive/texmf-dist/tex/latex/base/ifthen.sty
Package: ifthen 2020/11/24 v1.1c Standard LaTeX ifthen package (DPC)
)
\c@r@tfl@t=\count271
\rotFPtop=\skip53
\rotFPbot=\skip54
\rot@float@box=\box65
\rot@mess@toks=\toks21
) (/usr/share/texlive/texmf-dist/tex/latex/threeparttable/threeparttable.sty
Package: threeparttable 2003/06/13  v 3.0
\@tempboxb=\box66
) (/usr/share/texlive/texmf-dist/tex/latex/appendix/appendix.sty
Package: appendix 2020/02/08 v1.2c extra appendix facilities
\c@@pps=\count272
\c@@ppsavesec=\count273
\c@@ppsaveapp=\count274
) (/usr/share/texlive/texmf-dist/tex/latex/hyperref/hyperref.sty
Package: hyperref 2021-06-07 v7.00m Hypertext links for LaTeX
 (/usr/share/texlive/texmf-dist/tex/generic/ltxcmds/ltxcmds.sty
Package: ltxcmds 2020-05-10 v1.25 LaTeX kernel commands for general use (HO)
) (/usr/share/texlive/texmf-dist/tex/generic/pdftexcmds/pdftexcmds.sty
Package: pdftexcmds 2020-06-27 v0.33 Utility functions of pdfTeX for LuaTeX (HO)
 (/usr/share/texlive/texmf-dist/tex/generic/infwarerr/infwarerr.sty
Package: infwarerr 2019/12/03 v1.5 Providing info/warning/error messages (HO)
)
Package pdftexcmds Info: \pdf@primitive is available.
Package pdftexcmds Info: \pdf@ifprimitive is available.
Package pdftexcmds Info: \pdfdraftmode found.
) (/usr/share/texlive/texmf-dist/tex/generic/kvsetkeys/kvsetkeys.sty
Package: kvsetkeys 2019/12/15 v1.18 Key value parser (HO)
) (/usr/share/texlive/texmf-dist/tex/generic/kvdefinekeys/kvdefinekeys.sty
Package: kvdefinekeys 2019-12-19 v1.6 Define keys (HO)
) (/usr/share/texlive/texmf-dist/tex/generic/pdfescape/pdfescape.sty
Package: pdfescape 2019/12/09 v1.15 Implements pdfTeX's escape features (HO)
) (/usr/share/texlive/texmf-dist/tex/latex/hycolor/hycolor.sty
Package: hycolor 2020-01-27 v1.10 Color options for hyperref/bookmark (HO)
) (/usr/share/texlive/texmf-dist/tex/latex/letltxmacro/letltxmacro.sty
Package: letltxmacro 2019/12/03 v1.6 Let assignment for LaTeX macros (HO)
) (/usr/share/texlive/texmf-dist/tex/latex/auxhook/auxhook.sty
Package: auxhook 2019-12-17 v1.6 Hooks for auxiliary files (HO)
) (/usr/share/texlive/texmf-dist/tex/latex/kvoptions/kvoptions.sty
Package: kvoptions 2020-10-07 v3.14 Key value format for package options (HO)
)
\@linkdim=\dimen169
\Hy@linkcounter=\count275
\Hy@pagecounter=\count276
 (/usr/share/texlive/texmf-dist/tex/latex/hyperref/pd1enc.def
File: pd1enc.def 2021-06-07 v7.00m Hyperref: PDFDocEncoding definition (HO)
Now handling font encoding PD1 ...
... no UTF-8 mapping file for font encoding PD1
) (/usr/share/texlive/texmf-dist/tex/latex/hyperref/hyperref-langpatches.def
File: hyperref-langpatches.def 2021-06-07 v7.00m Hyperref: patches for babel languages
) (/usr/share/texlive/texmf-dist/tex/generic/intcalc/intcalc.sty
Package: intcalc 2019/12/15 v1.3 Expandable calculations with integers (HO)
) (/usr/share/texlive/texmf-dist/tex/generic/etexcmds/etexcmds.sty
Package: etexcmds 2019/12/15 v1.7 Avoid name clashes with e-TeX commands (HO)
)
\Hy@SavedSpaceFactor=\count277
 (/usr/share/texlive/texmf-dist/tex/latex/hyperref/puenc.def
File: puenc.def 2021-06-07 v7.00m Hyperref: PDF Unicode definition (HO)
Now handling font encoding PU ...
... no UTF-8 mapping file for font encoding PU
)
Package hyperref Info: Hyper figures OFF on input line 4192.
Package hyperref Info: Link nesting OFF on input line 4197.
Package hyperref Info: Hyper index ON on input line 4200.
Package hyperref Info: Plain pages OFF on input line 4207.
Package hyperref Info: Backreferencing OFF on input line 4212.
Package hyperref Info: Implicit mode ON; LaTeX internals redefined.
Package hyperref Info: Bookmarks ON on input line 4445.
\c@Hy@tempcnt=\count278
 (/usr/share/texlive/texmf-dist/tex/latex/url/url.sty
\Urlmuskip=\muskip16
Package: url 2013/09/16  ver 3.4  Verb mode for urls, etc.
)
LaTeX Info: Redefining \url on input line 4804.
\XeTeXLinkMargin=\dimen170
 (/usr/share/texlive/texmf-dist/tex/generic/bitset/bitset.sty
Package: bitset 2019/12/09 v1.3 Handle bit-vector datatype (HO)
 (/usr/share/texlive/texmf-dist/tex/generic/bigintcalc/bigintcalc.sty
Package: bigintcalc 2019/12/15 v1.5 Expandable calculations on big integers (HO)
))
\Fld@menulength=\count279
\Field@Width=\dimen171
\Fld@charsize=\dimen172
Package hyperref Info: Hyper figures OFF on input line 6076.
Package hyperref Info: Link nesting OFF on input line 6081.
Package hyperref Info: Hyper index ON on input line 6084.
Package hyperref Info: backreferencing OFF on input line 6091.
Package hyperref Info: Link coloring OFF on input line 6096.
Package hyperref Info: Link coloring with OCG OFF on input line 6101.
Package hyperref Info: PDF/A mode OFF on input line 6106.
LaTeX Info: Redefining \ref on input line 6146.
LaTeX Info: Redefining \pageref on input line 6150.
 (/usr/share/texlive/texmf-dist/tex/latex/base/atbegshi-ltx.sty
Package: atbegshi-ltx 2021/01/10 v1.0c Emulation of the original atbegshi
package with kernel methods
)
\Hy@abspage=\count280
\c@Item=\count281
\c@Hfootnote=\count282
)
Package hyperref Info: Driver (autodetected): hpdftex.
 (/usr/share/texlive/texmf-dist/tex/latex/hyperref/hpdftex.def
File: hpdftex.def 2021-06-07 v7.00m Hyperref driver for pdfTeX
 (/usr/share/texlive/texmf-dist/tex/latex/base/atveryend-ltx.sty
Package: atveryend-ltx 2020/08/19 v1.0a Emulation of the original atveryend package
with kernel methods
)
\Fld@listcount=\count283
\c@bookmark@seq@number=\count284
 (/usr/share/texlive/texmf-dist/tex/latex/rerunfilecheck/rerunfilecheck.sty
Package: rerunfilecheck 2019/12/05 v1.9 Rerun checks for auxiliary files (HO)
 (/usr/share/texlive/texmf-dist/tex/generic/uniquecounter/uniquecounter.sty
Package: uniquecounter 2019/12/15 v1.4 Provide unlimited unique counter (HO)
)
Package uniquecounter Info: New unique counter `rerunfilecheck' on input line 286.
)
\Hy@SectionHShift=\skip55
)
Package hyperref Info: Option `colorlinks' set `true' on input line 1471.
Package hyperref Info: Option `breaklinks' set `true' on input line 1471.
Package hyperref Info: Option `plainpages' set `false' on input line 1471.
Package hyperref Info: Option `bookmarksopen' set `true' on input line 1471.
Package hyperref Info: Option `bookmarksnumbered' set `false' on input line 1471.
 (/usr/share/texlive/texmf-dist/tex/latex/wrapfig/wrapfig.sty
\wrapoverhang=\dimen173
\WF@size=\dimen174
\c@WF@wrappedlines=\count285
\WF@box=\box67
\WF@everypar=\toks22
Package: wrapfig 2003/01/31  v 3.6
)
\wraplines=\count286
\@authorfigbox=\box68
\@authorfigboxdim=\skip56
\biofigadjskip=\skip57
 (/usr/share/texlive/texmf-dist/tex/latex/amscls/amsthm.sty
Package: amsthm 2020/05/29 v2.20.6
\thm@style=\toks23
\thm@bodyfont=\toks24
\thm@headfont=\toks25
\thm@notefont=\toks26
\thm@headpunct=\toks27
\thm@preskip=\skip58
\thm@postskip=\skip59
\thm@headsep=\skip60
\dth@everypar=\toks28
) (/usr/share/texlive/texmf-dist/tex/latex/base/fix-cm.sty
Package: fix-cm 2020/11/24 v1.1t fixes to LaTeX
 (/usr/share/texlive/texmf-dist/tex/latex/base/ts1enc.def
File: ts1enc.def 2001/06/05 v3.0e (jk/car/fm) Standard LaTeX file
LaTeX Font Info:    Redeclaring font encoding TS1 on input line 47.
)) (/usr/share/texlive/texmf-dist/tex/latex/natbib/natbib.sty
Package: natbib 2010/09/13 8.31b (PWD, AO)
\bibhang=\skip61
\bibsep=\skip62
LaTeX Info: Redefining \cite on input line 694.
\c@NAT@ctr=\count287
)) (/usr/share/texlive/texmf-dist/tex/latex/multirow/multirow.sty
Package: multirow 2021/03/15 v2.8 Span multiple rows of a table
\multirow@colwidth=\skip63
\multirow@cntb=\count288
\multirow@dima=\skip64
\bigstrutjot=\dimen175
) (/usr/share/texlive/texmf-dist/tex/latex/amsmath/amsmath.sty
Package: amsmath 2021/10/15 v2.17l AMS math features
\@mathmargin=\skip65

For additional information on amsmath, use the `?' option.
(/usr/share/texlive/texmf-dist/tex/latex/amsmath/amstext.sty
Package: amstext 2021/08/26 v2.01 AMS text
 (/usr/share/texlive/texmf-dist/tex/latex/amsmath/amsgen.sty
File: amsgen.sty 1999/11/30 v2.0 generic functions
\@emptytoks=\toks29
\ex@=\dimen176
)) (/usr/share/texlive/texmf-dist/tex/latex/amsmath/amsbsy.sty
Package: amsbsy 1999/11/29 v1.2d Bold Symbols
\pmbraise@=\dimen177
) (/usr/share/texlive/texmf-dist/tex/latex/amsmath/amsopn.sty
Package: amsopn 2021/08/26 v2.02 operator names
)
\inf@bad=\count289
LaTeX Info: Redefining \frac on input line 234.
\uproot@=\count290
\leftroot@=\count291
LaTeX Info: Redefining \overline on input line 399.
\classnum@=\count292
\DOTSCASE@=\count293
LaTeX Info: Redefining \ldots on input line 496.
LaTeX Info: Redefining \dots on input line 499.
LaTeX Info: Redefining \cdots on input line 620.
\Mathstrutbox@=\box69
\strutbox@=\box70
\big@size=\dimen178
LaTeX Font Info:    Redeclaring font encoding OML on input line 743.
LaTeX Font Info:    Redeclaring font encoding OMS on input line 744.
\macc@depth=\count294
\c@MaxMatrixCols=\count295
\dotsspace@=\muskip17
\c@parentequation=\count296
\dspbrk@lvl=\count297
\tag@help=\toks30
\row@=\count298
\column@=\count299
\maxfields@=\count300
\andhelp@=\toks31
\eqnshift@=\dimen179
\alignsep@=\dimen180
\tagshift@=\dimen181
\tagwidth@=\dimen182
\totwidth@=\dimen183
\lineht@=\dimen184
\@envbody=\toks32
\multlinegap=\skip66
\multlinetaggap=\skip67
\mathdisplay@stack=\toks33
LaTeX Info: Redefining \[ on input line 2938.
LaTeX Info: Redefining \] on input line 2939.
) (/usr/share/texlive/texmf-dist/tex/latex/amsfonts/amssymb.sty
Package: amssymb 2013/01/14 v3.01 AMS font symbols
 (/usr/share/texlive/texmf-dist/tex/latex/amsfonts/amsfonts.sty
Package: amsfonts 2013/01/14 v3.01 Basic AMSFonts support
\symAMSa=\mathgroup4
\symAMSb=\mathgroup5
LaTeX Font Info:    Redeclaring math symbol \hbar on input line 98.
LaTeX Font Info:    Overwriting math alphabet `\mathfrak' in version `bold'
(Font)                  U/euf/m/n --> U/euf/b/n on input line 106.
)) (/usr/share/texlive/texmf-dist/tex/latex/jknapltx/mathrsfs.sty
Package: mathrsfs 1996/01/01 Math RSFS package v1.0 (jk)
\symrsfs=\mathgroup6
) (/usr/share/texlive/texmf-dist/tex/latex/xcolor/xcolor.sty
Package: xcolor 2021/10/31 v2.13 LaTeX color extensions (UK)
 (/usr/share/texlive/texmf-dist/tex/latex/graphics-cfg/color.cfg
File: color.cfg 2016/01/02 v1.6 sample color configuration
)
Package xcolor Info: Driver file: pdftex.def on input line 227.
Package xcolor Info: Model `cmy' substituted by `cmy0' on input line 1352.
Package xcolor Info: Model `hsb' substituted by `rgb' on input line 1356.
Package xcolor Info: Model `RGB' extended on input line 1368.
Package xcolor Info: Model `HTML' substituted by `rgb' on input line 1370.
Package xcolor Info: Model `Hsb' substituted by `hsb' on input line 1371.
Package xcolor Info: Model `tHsb' substituted by `hsb' on input line 1372.
Package xcolor Info: Model `HSB' substituted by `hsb' on input line 1373.
Package xcolor Info: Model `Gray' substituted by `gray' on input line 1374.
Package xcolor Info: Model `wave' substituted by `hsb' on input line 1375.
) (/usr/share/texlive/texmf-dist/tex/latex/base/textcomp.sty
Package: textcomp 2020/02/02 v2.0n Standard LaTeX package
) (/usr/share/texlive/texmf-dist/tex/latex/ncctools/manyfoot.sty
Package: manyfoot 2019/08/03 v1.11 Many Footnote Levels Package (NCC)
 (/usr/share/texlive/texmf-dist/tex/latex/ncctools/nccfoots.sty
Package: nccfoots 2005/02/03 v1.2 NCC Footnotes Package (NCC)
)
\MFL@columnwidth=\dimen185
) (/usr/share/texlive/texmf-dist/tex/latex/booktabs/booktabs.sty
Package: booktabs 2020/01/12 v1.61803398 Publication quality tables
\heavyrulewidth=\dimen186
\lightrulewidth=\dimen187
\cmidrulewidth=\dimen188
\belowrulesep=\dimen189
\belowbottomsep=\dimen190
\aboverulesep=\dimen191
\abovetopsep=\dimen192
\cmidrulesep=\dimen193
\cmidrulekern=\dimen194
\defaultaddspace=\dimen195
\@cmidla=\count301
\@cmidlb=\count302
\@aboverulesep=\dimen196
\@belowrulesep=\dimen197
\@thisruleclass=\count303
\@lastruleclass=\count304
\@thisrulewidth=\dimen198
) (/usr/share/texlive/texmf-dist/tex/latex/algorithms/algorithm.sty
Package: algorithm 2009/08/24 v0.1 Document Style `algorithm' - floating environment
 (/usr/share/texlive/texmf-dist/tex/latex/float/float.sty
Package: float 2001/11/08 v1.3d Float enhancements (AL)
\c@float@type=\count305
\float@exts=\toks34
\float@box=\box71
\@float@everytoks=\toks35
\@floatcapt=\box72
)
\@float@every@algorithm=\toks36
\c@algorithm=\count306
) (/usr/share/texlive/texmf-dist/tex/latex/algorithmicx/algorithmicx.sty
Package: algorithmicx 2005/04/27 v1.2 Algorithmicx

Document Style algorithmicx 1.2 - a greatly improved `algorithmic' style
\c@ALG@line=\count307
\c@ALG@rem=\count308
\c@ALG@nested=\count309
\ALG@tlm=\skip68
\ALG@thistlm=\skip69
\c@ALG@Lnr=\count310
\c@ALG@blocknr=\count311
\c@ALG@storecount=\count312
\c@ALG@tmpcounter=\count313
\ALG@tmplength=\skip70
) (/usr/share/texlive/texmf-dist/tex/latex/algorithmicx/algpseudocode.sty
Package: algpseudocode 

Document Style - pseudocode environments for use with the `algorithmicx' style
) (/usr/share/texlive/texmf-dist/tex/latex/listings/listings.sty
\lst@mode=\count314
\lst@gtempboxa=\box73
\lst@token=\toks37
\lst@length=\count315
\lst@currlwidth=\dimen199
\lst@column=\count316
\lst@pos=\count317
\lst@lostspace=\dimen256
\lst@width=\dimen257
\lst@newlines=\count318
\lst@lineno=\count319
\lst@maxwidth=\dimen258
 (/usr/share/texlive/texmf-dist/tex/latex/listings/lstmisc.sty
File: lstmisc.sty 2020/03/24 1.8d (Carsten Heinz)
\c@lstnumber=\count320
\lst@skipnumbers=\count321
\lst@framebox=\box74
) (/usr/share/texlive/texmf-dist/tex/latex/listings/listings.cfg
File: listings.cfg 2020/03/24 1.8d listings configuration
))
Package: listings 2020/03/24 1.8d (Carsten Heinz)
 (/usr/share/texlive/texmf-dist/tex/latex/caption/subcaption.sty
Package: subcaption 2020/10/07 v1.3j Sub-captions (AR)
 (/usr/share/texlive/texmf-dist/tex/latex/caption/caption.sty
Package: caption 2020/10/26 v3.5g Customizing captions (AR)
 (/usr/share/texlive/texmf-dist/tex/latex/caption/caption3.sty
Package: caption3 2020/10/21 v2.2e caption3 kernel (AR)
\captionmargin=\dimen259
\captionmargin@=\dimen260
\captionwidth=\dimen261
\caption@tempdima=\dimen262
\caption@indent=\dimen263
\caption@parindent=\dimen264
\caption@hangindent=\dimen265
Package caption Info: Unknown document class (or package),
(caption)             standard defaults will be used.
Package caption Info: \@makecaption = \long macro:#1#2->\ifx \FigName \@captype \vskip \abovecaptionskip \@figurecaption {#1}{#2} \else \@tablecaption {#1}{#2} \vskip \belowcaptionskip \fi  on input line 1139.
)

Package caption Warning: Unknown document class (or package),
(caption)                standard defaults will be used.
See the caption package documentation for explanation.

\c@caption@flags=\count322
\c@continuedfloat=\count323
Package caption Info: float package is loaded.
Package caption Info: hyperref package is loaded.
Package caption Info: listings package is loaded.
Package caption Info: rotating package is loaded.
Package caption Info: threeparttable package is loaded.
Package caption Info: wrapfig package is loaded.
)
\c@subfigure=\count324
\c@subtable=\count325
) (/usr/share/texlive/texmf-dist/tex/latex/microtype/microtype.sty
Package: microtype 2021/12/10 v3.0b Micro-typographical refinements (RS)
 (/usr/share/texlive/texmf-dist/tex/latex/etoolbox/etoolbox.sty
Package: etoolbox 2020/10/05 v2.5k e-TeX tools for LaTeX (JAW)
\etb@tempcnta=\count326
)
\MT@toks=\toks38
\MT@count=\count327
\MT@tempbox=\box75
LaTeX Info: Redefining \leftprotrusion on input line 1010.
LaTeX Info: Redefining \rightprotrusion on input line 1018.
LaTeX Info: Redefining \textls on input line 1173.
\MT@outer@kern=\dimen266
LaTeX Info: Redefining \textmicrotypecontext on input line 1759.
\MT@listname@count=\count328
 (/usr/share/texlive/texmf-dist/tex/latex/microtype/microtype-pdftex.def
File: microtype-pdftex.def 2021/12/10 v3.0b Definitions specific to pdftex (RS)
LaTeX Info: Redefining \lsstyle on input line 897.
LaTeX Info: Redefining \lslig on input line 897.
\MT@outer@space=\skip71
)
Package microtype Info: Loading configuration file microtype.cfg.
 (/usr/share/texlive/texmf-dist/tex/latex/microtype/microtype.cfg
File: microtype.cfg 2021/12/10 v3.0b microtype main configuration file (RS)
)) (/usr/share/texlive/texmf-dist/tex/latex/siunitx/siunitx.sty
Package: siunitx 2022-02-02 v3.0.46 A comprehensive (SI) units package
\l__siunitx_angle_tmp_dim=\dimen267
\l__siunitx_angle_marker_box=\box76
\l__siunitx_angle_unit_box=\box77
\l__siunitx_compound_count_int=\count329
 (/usr/share/texlive/texmf-dist/tex/latex/translations/translations.sty
Package: translations 2022/01/04 v1.11 internationalization of LaTeX2e packages (CN)
)
\l__siunitx_number_exponent_fixed_int=\count330
\l__siunitx_number_min_decimal_int=\count331
\l__siunitx_number_min_integer_int=\count332
\l__siunitx_number_round_precision_int=\count333
\l__siunitx_number_group_minimum_int=\count334
\l__siunitx_table_tmp_box=\box78
\l__siunitx_table_tmp_dim=\dimen268
\l__siunitx_table_column_width_dim=\dimen269
\l__siunitx_table_integer_box=\box79
\l__siunitx_table_decimal_box=\box80
\l__siunitx_table_before_box=\box81
\l__siunitx_table_after_box=\box82
\l__siunitx_table_before_dim=\dimen270
\l__siunitx_table_carry_dim=\dimen271
\l__siunitx_unit_tmp_int=\count335
\l__siunitx_unit_position_int=\count336
\l__siunitx_unit_total_int=\count337
 (/usr/share/texlive/texmf-dist/tex/latex/l3packages/l3keys2e/l3keys2e.sty (/usr/share/texlive/texmf-dist/tex/latex/l3kernel/expl3.sty
Package: expl3 2022-01-21 L3 programming layer (loader) 
 (/usr/share/texlive/texmf-dist/tex/latex/l3backend/l3backend-pdftex.def
File: l3backend-pdftex.def 2022-01-12 L3 backend support: PDF output (pdfTeX)
\l__color_backend_stack_int=\count338
\l__pdf_internal_box=\box83
))
Package: l3keys2e 2022-01-12 LaTeX2e option processing using LaTeX3 keys
) (/usr/share/texlive/texmf-dist/tex/latex/tools/array.sty
Package: array 2021/10/04 v2.5f Tabular extension package (FMi)
\col@sep=\dimen272
\ar@mcellbox=\box84
\extrarowheight=\dimen273
\NC@list=\toks39
\extratabsurround=\skip72
\backup@length=\skip73
\ar@cellbox=\box85
))
\c@theorem=\count339
\c@example=\count340
\c@remark=\count341
\c@definition=\count342
Package translations Info: No language package found. I am going to use `english' as default language. on input line 49.
 (./manuscript.aux)
\openout1 = `manuscript.aux'.

LaTeX Font Info:    Checking defaults for OML/cmm/m/it on input line 49.
LaTeX Font Info:    ... okay on input line 49.
LaTeX Font Info:    Checking defaults for OMS/cmsy/m/n on input line 49.
LaTeX Font Info:    ... okay on input line 49.
LaTeX Font Info:    Checking defaults for OT1/cmr/m/n on input line 49.
LaTeX Font Info:    ... okay on input line 49.
LaTeX Font Info:    Checking defaults for T1/cmr/m/n on input line 49.
LaTeX Font Info:    ... okay on input line 49.
LaTeX Font Info:    Checking defaults for TS1/cmr/m/n on input line 49.
LaTeX Font Info:    ... okay on input line 49.
LaTeX Font Info:    Checking defaults for OMX/cmex/m/n on input line 49.
LaTeX Font Info:    ... okay on input line 49.
LaTeX Font Info:    Checking defaults for U/cmr/m/n on input line 49.
LaTeX Font Info:    ... okay on input line 49.
LaTeX Font Info:    Checking defaults for PD1/pdf/m/n on input line 49.
LaTeX Font Info:    ... okay on input line 49.
LaTeX Font Info:    Checking defaults for PU/pdf/m/n on input line 49.
LaTeX Font Info:    ... okay on input line 49.

*geometry* driver: auto-detecting
*geometry* detected driver: pdftex
*geometry* verbose mode - [ preamble ] result:
* driver: pdftex
* paper: custom
* layout: <same size as paper>
* layoutoffset:(h,v)=(0.0pt,0.0pt)
* bindingoffset: 17.07164pt
* modes: twoside 
* h-part:(L,W,R)=(83.37448pt, 372.0pt, 125.06175pt)
* v-part:(T,H,B)=(73.97716pt, 552.69478pt, 218.37491pt)
* \paperwidth=597.50787pt
* \paperheight=845.04684pt
* \textwidth=372.0pt
* \textheight=552.69478pt
* \oddsidemargin=28.17613pt
* \evensidemargin=52.79176pt
* \topmargin=-19.72638pt
* \headheight=5.5pt
* \headsep=15.93355pt
* \topskip=10.0pt
* \footskip=28.45274pt
* \marginparwidth=34.1433pt
* \marginparsep=14.22636pt
* \columnsep=14.22636pt
* \skip\footins=8.0pt plus 4.0pt
* \hoffset=0.0pt
* \voffset=0.0pt
* \mag=1000
* \@twocolumnfalse
* \@twosidetrue
* \@mparswitchtrue
* \@reversemargintrue
* (1in=72.27pt=25.4mm, 1cm=28.453pt)

(/usr/share/texlive/texmf-dist/tex/context/base/mkii/supp-pdf.mkii
[Loading MPS to PDF converter (version 2006.09.02).]
\scratchcounter=\count343
\scratchdimen=\dimen274
\scratchbox=\box86
\nofMPsegments=\count344
\nofMParguments=\count345
\everyMPshowfont=\toks40
\MPscratchCnt=\count346
\MPscratchDim=\dimen275
\MPnumerator=\count347
\makeMPintoPDFobject=\count348
\everyMPtoPDFconversion=\toks41
) (/usr/share/texlive/texmf-dist/tex/latex/epstopdf-pkg/epstopdf-base.sty
Package: epstopdf-base 2020-01-24 v2.11 Base part for package epstopdf
Package epstopdf-base Info: Redefining graphics rule for `.eps' on input line 485.
 (/usr/share/texlive/texmf-dist/tex/latex/latexconfig/epstopdf-sys.cfg
File: epstopdf-sys.cfg 2010/07/13 v1.3 Configuration of (r)epstopdf for TeX Live
))
LaTeX Info: Redefining \S on input line 49.
LaTeX Font Info:    Redeclaring symbol font `AMSa' on input line 49.
LaTeX Font Info:    Overwriting symbol font `AMSa' in version `normal'
(Font)                  U/msa/m/n --> U/msa/m/n on input line 49.
LaTeX Font Info:    Overwriting symbol font `AMSa' in version `bold'
(Font)                  U/msa/m/n --> U/msa/m/n on input line 49.
Package hyperref Info: Link coloring ON on input line 49.
 (/usr/share/texlive/texmf-dist/tex/latex/hyperref/nameref.sty
Package: nameref 2021-04-02 v2.47 Cross-referencing by name of section
 (/usr/share/texlive/texmf-dist/tex/latex/refcount/refcount.sty
Package: refcount 2019/12/15 v3.6 Data extraction from label references (HO)
) (/usr/share/texlive/texmf-dist/tex/generic/gettitlestring/gettitlestring.sty
Package: gettitlestring 2019/12/15 v1.6 Cleanup title references (HO)
)
\c@section@level=\count349
)
LaTeX Info: Redefining \ref on input line 49.
LaTeX Info: Redefining \pageref on input line 49.
LaTeX Info: Redefining \nameref on input line 49.
 (./manuscript.out) (./manuscript.out)
\@outlinefile=\write3
\openout3 = `manuscript.out'.

\c@lstlisting=\count350
Package caption Info: Begin \AtBeginDocument code.
Package caption Info: End \AtBeginDocument code.
LaTeX Info: Redefining \microtypecontext on input line 49.
Package microtype Info: Applying patch `item' on input line 49.
Package microtype Info: Applying patch `toc' on input line 49.
Package microtype Info: Applying patch `eqnum' on input line 49.
Package microtype Info: Applying patch `footnote' on input line 49.
Package microtype Info: Generating PDF output.
Package microtype Info: Character protrusion enabled (level 2).
Package microtype Info: Using default protrusion set `alltext'.
Package microtype Info: No font expansion.
Package microtype Info: No adjustment of tracking.
Package microtype Info: No adjustment of interword spacing.
Package microtype Info: No adjustment of character kerning.
 (/usr/share/texlive/texmf-dist/tex/latex/microtype/mt-cmr.cfg
File: mt-cmr.cfg 2013/05/19 v2.2 microtype config. file: Computer Modern Roman (RS)
) (/usr/share/texlive/texmf-dist/tex/latex/translations/translations-basic-dictionary-english.trsl
File: translations-basic-dictionary-english.trsl (english translation file `translations-basic-dictionary')
)
Package translations Info: loading dictionary `translations-basic-dictionary' for `english'. on input line 49.
LaTeX Font Info:    Calculating math sizes for size <12.045> on input line 74.
LaTeX Font Info:    Trying to load font information for U+msa on input line 74.
 (/usr/share/texlive/texmf-dist/tex/latex/amsfonts/umsa.fd
File: umsa.fd 2013/01/14 v3.01 AMS symbols A
) (/usr/share/texlive/texmf-dist/tex/latex/microtype/mt-msa.cfg
File: mt-msa.cfg 2006/02/04 v1.1 microtype config. file: AMS symbols (a) (RS)
)
LaTeX Font Info:    Trying to load font information for U+msb on input line 74.
 (/usr/share/texlive/texmf-dist/tex/latex/amsfonts/umsb.fd
File: umsb.fd 2013/01/14 v3.01 AMS symbols B
) (/usr/share/texlive/texmf-dist/tex/latex/microtype/mt-msb.cfg
File: mt-msb.cfg 2005/06/01 v1.0 microtype config. file: AMS symbols (b) (RS)
)
LaTeX Font Info:    Trying to load font information for U+rsfs on input line 74.
 (/usr/share/texlive/texmf-dist/tex/latex/jknapltx/ursfs.fd
File: ursfs.fd 1998/03/24 rsfs font definition file (jk)
)

LaTeX Font Warning: Font shape `U/rsfs/m/n' in size <8.43146> not available
(Font)              size <8> substituted on input line 74.

LaTeX Font Info:    Calculating math sizes for size <11.04124> on input line 74.

LaTeX Font Warning: Font shape `U/rsfs/m/n' in size <5.52061> not available
(Font)              size <6> substituted on input line 74.

LaTeX Font Info:    Calculating math sizes for size <10.03749> on input line 74.

Underfull \vbox (badness 10000) has occurred while \output is active []

 [1

{/var/lib/texmf/fonts/map/pdftex/updmap/pdftex.map}]
Underfull \vbox (badness 10000) has occurred while \output is active []

 [2]
Underfull \hbox (badness 1038) in paragraph at lines 85--86
[]\OT1/cmr/m/n/10 To address these gaps, we pro-poses a two-stage frame-work com-pris-ing an
 []



pdfTeX warning: pdflatex (file ./framework/framework1.pdf): PDF inclusion: found PDF version <1.7>, but at most version <1.5> allowed
<framework/framework1.pdf, id=188, 2028.61882pt x 421.575pt>
File: framework/framework1.pdf Graphic file (type pdf)
<use framework/framework1.pdf>
Package pdftex.def Info: framework/framework1.pdf  used on input line 100.
(pdftex.def)             Requested size: 372.0pt x 77.30185pt.

Underfull \vbox (badness 10000) has occurred while \output is active []

 [3 <./framework/framework1.pdf>]
Underfull \vbox (badness 10000) has occurred while \output is active []

 [4]
Underfull \vbox (badness 10000) has occurred while \output is active []

 [5]
Underfull \vbox (badness 10000) has occurred while \output is active []

 [6]
<representation//STFT_98_Normal_1_00000.png, id=278, 224.84pt x 224.84pt>
File: representation//STFT_98_Normal_1_00000.png Graphic file (type png)
<use representation//STFT_98_Normal_1_00000.png>
Package pdftex.def Info: representation//STFT_98_Normal_1_00000.png  used on input line 172.
(pdftex.def)             Requested size: 178.55841pt x 178.56511pt.
<representation//GADF_98_Normal_1_00000.png, id=279, 224.84pt x 224.84pt>
File: representation//GADF_98_Normal_1_00000.png Graphic file (type png)
<use representation//GADF_98_Normal_1_00000.png>
Package pdftex.def Info: representation//GADF_98_Normal_1_00000.png  used on input line 178.
(pdftex.def)             Requested size: 178.55841pt x 178.56511pt.

Underfull \vbox (badness 10000) has occurred while \output is active []

 [7 <./representation//STFT_98_Normal_1_00000.png (PNG copy)> <./representation//GADF_98_Normal_1_00000.png (PNG copy)>]
LaTeX Font Info:    Calculating math sizes for size <8.03> on input line 221.


LaTeX Font Warning: Font shape `U/rsfs/m/n' in size <4.015> not available
(Font)              size <5> substituted on input line 221.


LaTeX Font Warning: Font shape `OT1/cmr/bx/sc' undefined
(Font)              using `OT1/cmr/bx/n' instead on input line 236.


Underfull \vbox (badness 10000) has occurred while \output is active []

 [8]
Underfull \vbox (badness 10000) has occurred while \output is active []

 [9]
Underfull \vbox (badness 10000) has occurred while \output is active []

 [10]

pdfTeX warning: pdflatex (file ./AW-DPCNN/AW-DPCNN.pdf): PDF inclusion: found PDF version <1.7>, but at most version <1.5> allowed
<AW-DPCNN/AW-DPCNN.pdf, id=334, 1290.74213pt x 489.74968pt>
File: AW-DPCNN/AW-DPCNN.pdf Graphic file (type pdf)
<use AW-DPCNN/AW-DPCNN.pdf>
Package pdftex.def Info: AW-DPCNN/AW-DPCNN.pdf  used on input line 348.
(pdftex.def)             Requested size: 372.0pt x 141.14943pt.


pdfTeX warning: pdflatex (file ./MSCA-VGG16/MSCA-VGG162.pdf): PDF inclusion: found PDF version <1.7>, but at most version <1.5> allowed
<MSCA-VGG16/MSCA-VGG162.pdf, id=335, 1110.06712pt x 649.46638pt>
File: MSCA-VGG16/MSCA-VGG162.pdf Graphic file (type pdf)
<use MSCA-VGG16/MSCA-VGG162.pdf>
Package pdftex.def Info: MSCA-VGG16/MSCA-VGG162.pdf  used on input line 355.
(pdftex.def)             Requested size: 372.0pt x 217.64442pt.

Underfull \vbox (badness 10000) has occurred while \output is active []

 [11 <./AW-DPCNN/AW-DPCNN.pdf>]
Underfull \vbox (badness 10000) has occurred while \output is active []

 [12 <./MSCA-VGG16/MSCA-VGG162.pdf>]
Underfull \vbox (badness 10000) has occurred while \output is active []

 [13]
Package hyperref Info: bookmark level for unknown algorithm defaults to 0 on input line 466.

Underfull \vbox (badness 10000) has occurred while \output is active []

 [14]
Overfull \vbox (8.29019pt too high) has occurred while \output is active []


Underfull \vbox (badness 10000) has occurred while \output is active []

 [15]
Underfull \hbox (badness 1248) in paragraph at lines 530--530
[]\OT1/cmr/bx/sc/7 Table 2\OT1/cmr/m/sc/7 : |\OT1/cmr/m/n/7 Oper-at-ing Con-di-tions and Cor-re-
 []



pdfTeX warning: pdflatex (file ./Fused images/Fused images2.pdf): PDF inclusion: found PDF version <1.7>, but at most version <1.5> allowed
<Fused images/Fused images2.pdf, id=459, 1219.6767pt x 435.54718pt>
File: Fused images/Fused images2.pdf Graphic file (type pdf)
<use Fused images/Fused images2.pdf>
Package pdftex.def Info: Fused images/Fused images2.pdf  used on input line 586.
(pdftex.def)             Requested size: 372.0pt x 132.83836pt.


pdfTeX warning: pdflatex (file ./equipment/cwru1.pdf): PDF inclusion: found PDF version <1.7>, but at most version <1.5> allowed
<equipment/cwru1.pdf, id=461, 876.1533pt x 253.90858pt>
File: equipment/cwru1.pdf Graphic file (type pdf)
<use equipment/cwru1.pdf>
Package pdftex.def Info: equipment/cwru1.pdf  used on input line 597.
(pdftex.def)             Requested size: 372.0pt x 107.80704pt.

Underfull \vbox (badness 10000) has occurred while \output is active []

 [16]
Underfull \vbox (badness 10000) has occurred while \output is active []

 [17]
Underfull \vbox (badness 10000) has occurred while \output is active []

 [18 <./Fused images/Fused images2.pdf> <./equipment/cwru1.pdf>]
<../experiments/experiment_result/rep_compare/stft_gadf/rep_compare_stft_gadf/trial_seed42/figures/confusion_matrix.png, id=548, 419.166pt x 419.8887pt>
File: ../experiments/experiment_result/rep_compare/stft_gadf/rep_compare_stft_gadf/trial_seed42/figures/confusion_matrix.png Graphic file (type png)
<use ../experiments/experiment_result/rep_compare/stft_gadf/rep_compare_stft_gadf/trial_seed42/figures/confusion_matrix.png>
Package pdftex.def Info: ../experiments/experiment_result/rep_compare/stft_gadf/rep_compare_stft_gadf/trial_seed42/figures/confusion_matrix.png  used on input line 626.
(pdftex.def)             Requested size: 178.55841pt x 178.86359pt.
<../experiments/experiment_result/rep_compare/mel_gadf/rep_compare_mel_gadf/trial_seed42/figures/confusion_matrix.png, id=550, 419.166pt x 419.8887pt>
File: ../experiments/experiment_result/rep_compare/mel_gadf/rep_compare_mel_gadf/trial_seed42/figures/confusion_matrix.png Graphic file (type png)
<use ../experiments/experiment_result/rep_compare/mel_gadf/rep_compare_mel_gadf/trial_seed42/figures/confusion_matrix.png>
Package pdftex.def Info: ../experiments/experiment_result/rep_compare/mel_gadf/rep_compare_mel_gadf/trial_seed42/figures/confusion_matrix.png  used on input line 632.
(pdftex.def)             Requested size: 178.55841pt x 178.86359pt.

Overfull \hbox (17.21515pt too wide) in paragraph at lines 645--665
 [][] 
 []


Underfull \vbox (badness 10000) has occurred while \output is active []

 [19 <../experiments/experiment_result/rep_compare/stft_gadf/rep_compare_stft_gadf/trial_seed42/figures/confusion_matrix.png> <../experiments/experiment_result/rep_compare/mel_gadf/rep_compare_mel_gadf/trial_seed42/figures/confusion_matrix.png>]
Underfull \vbox (badness 10000) has occurred while \output is active []

 [20]
<../experiments/experiment_result/exp1/convnext_tiny/12k_de/exp1_convnext_tiny/trial_seed42/figures/confusion_matrix.png, id=569, 419.166pt x 419.8887pt>
File: ../experiments/experiment_result/exp1/convnext_tiny/12k_de/exp1_convnext_tiny/trial_seed42/figures/confusion_matrix.png Graphic file (type png)
<use ../experiments/experiment_result/exp1/convnext_tiny/12k_de/exp1_convnext_tiny/trial_seed42/figures/confusion_matrix.png>
Package pdftex.def Info: ../experiments/experiment_result/exp1/convnext_tiny/12k_de/exp1_convnext_tiny/trial_seed42/figures/confusion_matrix.png  used on input line 687.
(pdftex.def)             Requested size: 119.04272pt x 119.24666pt.
<../experiments/experiment_result/exp1/efficientnet_b0/12k_de/exp1_efficientnet_b0/trial_seed456/figures/confusion_matrix.png, id=570, 419.166pt x 419.8887pt>
File: ../experiments/experiment_result/exp1/efficientnet_b0/12k_de/exp1_efficientnet_b0/trial_seed456/figures/confusion_matrix.png Graphic file (type png)
<use ../experiments/experiment_result/exp1/efficientnet_b0/12k_de/exp1_efficientnet_b0/trial_seed456/figures/confusion_matrix.png>
Package pdftex.def Info: ../experiments/experiment_result/exp1/efficientnet_b0/12k_de/exp1_efficientnet_b0/trial_seed456/figures/confusion_matrix.png  used on input line 694.
(pdftex.def)             Requested size: 119.04272pt x 119.24666pt.
<../experiments/experiment_result/exp1/vit/12k_de/exp1_vit/trial_seed42/figures/confusion_matrix.png, id=571, 419.166pt x 419.8887pt>
File: ../experiments/experiment_result/exp1/vit/12k_de/exp1_vit/trial_seed42/figures/confusion_matrix.png Graphic file (type png)
<use ../experiments/experiment_result/exp1/vit/12k_de/exp1_vit/trial_seed42/figures/confusion_matrix.png>
Package pdftex.def Info: ../experiments/experiment_result/exp1/vit/12k_de/exp1_vit/trial_seed42/figures/confusion_matrix.png  used on input line 701.
(pdftex.def)             Requested size: 119.04272pt x 119.24666pt.
<../experiments/experiment_result/exp1/mobilenetv3_small/12k_de/exp1_mobilenetv3_small/trial_seed42/figures/confusion_matrix.png, id=572, 419.166pt x 419.8887pt>
File: ../experiments/experiment_result/exp1/mobilenetv3_small/12k_de/exp1_mobilenetv3_small/trial_seed42/figures/confusion_matrix.png Graphic file (type png)
<use ../experiments/experiment_result/exp1/mobilenetv3_small/12k_de/exp1_mobilenetv3_small/trial_seed42/figures/confusion_matrix.png>
Package pdftex.def Info: ../experiments/experiment_result/exp1/mobilenetv3_small/12k_de/exp1_mobilenetv3_small/trial_seed42/figures/confusion_matrix.png  used on input line 709.
(pdftex.def)             Requested size: 119.04272pt x 119.24666pt.
<../experiments/experiment_result/exp1/vgg16/12k_fe/exp1_vgg16/trial_seed123/figures/confusion_matrix.png, id=573, 419.166pt x 419.8887pt>
File: ../experiments/experiment_result/exp1/vgg16/12k_fe/exp1_vgg16/trial_seed123/figures/confusion_matrix.png Graphic file (type png)
<use ../experiments/experiment_result/exp1/vgg16/12k_fe/exp1_vgg16/trial_seed123/figures/confusion_matrix.png>
Package pdftex.def Info: ../experiments/experiment_result/exp1/vgg16/12k_fe/exp1_vgg16/trial_seed123/figures/confusion_matrix.png  used on input line 715.
(pdftex.def)             Requested size: 119.04272pt x 119.24666pt.
<../experiments/experiment_result/exp1/MSCA_VGG16/12k_de/exp1_MSCA_VGG16/trial_seed42/figures/confusion_matrix.png, id=574, 419.166pt x 419.8887pt>
File: ../experiments/experiment_result/exp1/MSCA_VGG16/12k_de/exp1_MSCA_VGG16/trial_seed42/figures/confusion_matrix.png Graphic file (type png)
<use ../experiments/experiment_result/exp1/MSCA_VGG16/12k_de/exp1_MSCA_VGG16/trial_seed42/figures/confusion_matrix.png>
Package pdftex.def Info: ../experiments/experiment_result/exp1/MSCA_VGG16/12k_de/exp1_MSCA_VGG16/trial_seed42/figures/confusion_matrix.png  used on input line 721.
(pdftex.def)             Requested size: 119.04272pt x 119.24666pt.


LaTeX Warning: No positions in optional float specifier.
               Default added (so using `tbp') on input line 730.


Underfull \vbox (badness 10000) has occurred while \output is active []

 [21 <../experiments/experiment_result/exp1/convnext_tiny/12k_de/exp1_convnext_tiny/trial_seed42/figures/confusion_matrix.png> <../experiments/experiment_result/exp1/efficientnet_b0/12k_de/exp1_efficientnet_b0/trial_seed456/figures/confusion_matrix.png> <../experiments/experiment_result/exp1/vit/12k_de/exp1_vit/trial_seed42/figures/confusion_matrix.png> <../experiments/experiment_result/exp1/mobilenetv3_small/12k_de/exp1_mobilenetv3_small/trial_seed42/figures/confusion_matrix.png> <../experiments/experiment_result/exp1/vgg16/12k_fe/exp1_vgg16/trial_seed123/figures/confusion_matrix.png> <../experiments/experiment_result/exp1/MSCA_VGG16/12k_de/exp1_MSCA_VGG16/trial_seed42/figures/confusion_matrix.png>]
Underfull \vbox (badness 10000) has occurred while \output is active []

 [22]
<figures/roc/convnext-tiny_roc.png, id=603, 461.8053pt x 424.7067pt>
File: figures/roc/convnext-tiny_roc.png Graphic file (type png)
<use figures/roc/convnext-tiny_roc.png>
Package pdftex.def Info: figures/roc/convnext-tiny_roc.png  used on input line 787.
(pdftex.def)             Requested size: 119.04272pt x 109.47498pt.
<figures/roc/vit_roc.png, id=604, 461.8053pt x 424.7067pt>
File: figures/roc/vit_roc.png Graphic file (type png)
<use figures/roc/vit_roc.png>
Package pdftex.def Info: figures/roc/vit_roc.png  used on input line 793.
(pdftex.def)             Requested size: 119.04272pt x 109.47498pt.
<figures/roc/vgg16_roc.png, id=605, 461.8053pt x 424.7067pt>
File: figures/roc/vgg16_roc.png Graphic file (type png)
<use figures/roc/vgg16_roc.png>
Package pdftex.def Info: figures/roc/vgg16_roc.png  used on input line 799.
(pdftex.def)             Requested size: 119.04272pt x 109.47498pt.
<figures/roc/efficientnet-b0_roc.png, id=606, 461.8053pt x 424.7067pt>
File: figures/roc/efficientnet-b0_roc.png Graphic file (type png)
<use figures/roc/efficientnet-b0_roc.png>
Package pdftex.def Info: figures/roc/efficientnet-b0_roc.png  used on input line 807.
(pdftex.def)             Requested size: 119.04272pt x 109.47498pt.
<figures/roc/mobilenetv3_small_roc.png, id=607, 461.8053pt x 424.7067pt>
File: figures/roc/mobilenetv3_small_roc.png Graphic file (type png)
<use figures/roc/mobilenetv3_small_roc.png>
Package pdftex.def Info: figures/roc/mobilenetv3_small_roc.png  used on input line 813.
(pdftex.def)             Requested size: 119.04272pt x 109.47498pt.
<figures/roc/msca-vgg16_roc.png, id=608, 461.8053pt x 424.7067pt>
File: figures/roc/msca-vgg16_roc.png Graphic file (type png)
<use figures/roc/msca-vgg16_roc.png>
Package pdftex.def Info: figures/roc/msca-vgg16_roc.png  used on input line 819.
(pdftex.def)             Requested size: 119.04272pt x 109.47498pt.

Underfull \vbox (badness 10000) has occurred while \output is active []

 [23 <./figures/roc/convnext-tiny_roc.png> <./figures/roc/vit_roc.png> <./figures/roc/vgg16_roc.png> <./figures/roc/efficientnet-b0_roc.png> <./figures/roc/mobilenetv3_small_roc.png> <./figures/roc/msca-vgg16_roc.png>]
Underfull \hbox (badness 1189) in paragraph at lines 832--833
\OT1/cmr/m/n/10 independent assess-ment of per-class dis-crim-inabil-ity. MSCA-VGG16 (Fig. [][]9[][](f))
 []

<tsne_models//tsne_cwru_12k_de_raw_input.png, id=628, 492.1587pt x 419.8887pt>
File: tsne_models//tsne_cwru_12k_de_raw_input.png Graphic file (type png)
<use tsne_models//tsne_cwru_12k_de_raw_input.png>
Package pdftex.def Info: tsne_models//tsne_cwru_12k_de_raw_input.png  used on input line 840.
(pdftex.def)             Requested size: 119.04272pt x 101.55699pt.
<tsne_models//tsne_vit_12k_de_trial_seed42.png, id=629, 492.1587pt x 419.8887pt>
File: tsne_models//tsne_vit_12k_de_trial_seed42.png Graphic file (type png)
<use tsne_models//tsne_vit_12k_de_trial_seed42.png>
Package pdftex.def Info: tsne_models//tsne_vit_12k_de_trial_seed42.png  used on input line 846.
(pdftex.def)             Requested size: 119.04272pt x 101.55699pt.
<tsne_models//tsne_convnext_tiny_12k_de_trial_seed42.png, id=630, 492.1587pt x 419.8887pt>
File: tsne_models//tsne_convnext_tiny_12k_de_trial_seed42.png Graphic file (type png)
<use tsne_models//tsne_convnext_tiny_12k_de_trial_seed42.png>
Package pdftex.def Info: tsne_models//tsne_convnext_tiny_12k_de_trial_seed42.png  used on input line 852.
(pdftex.def)             Requested size: 119.04272pt x 101.55699pt.
<tsne_models//tsne_efficientnet_b0_12k_de_trial_seed42.png, id=631, 492.1587pt x 419.8887pt>
File: tsne_models//tsne_efficientnet_b0_12k_de_trial_seed42.png Graphic file (type png)
<use tsne_models//tsne_efficientnet_b0_12k_de_trial_seed42.png>
Package pdftex.def Info: tsne_models//tsne_efficientnet_b0_12k_de_trial_seed42.png  used on input line 860.
(pdftex.def)             Requested size: 119.04272pt x 101.55699pt.
<tsne_models//tsne_mobilenetv3_small_12k_de_trial_seed42.png, id=632, 491.1951pt x 419.8887pt>
File: tsne_models//tsne_mobilenetv3_small_12k_de_trial_seed42.png Graphic file (type png)
<use tsne_models//tsne_mobilenetv3_small_12k_de_trial_seed42.png>
Package pdftex.def Info: tsne_models//tsne_mobilenetv3_small_12k_de_trial_seed42.png  used on input line 866.
(pdftex.def)             Requested size: 119.04272pt x 101.76202pt.
<tsne_models//tsne_MSCA_VGG16_12k_de_trial_seed42.png, id=633, 492.1587pt x 419.8887pt>
File: tsne_models//tsne_MSCA_VGG16_12k_de_trial_seed42.png Graphic file (type png)
<use tsne_models//tsne_MSCA_VGG16_12k_de_trial_seed42.png>
Package pdftex.def Info: tsne_models//tsne_MSCA_VGG16_12k_de_trial_seed42.png  used on input line 872.
(pdftex.def)             Requested size: 119.04272pt x 101.55699pt.

Underfull \vbox (badness 10000) has occurred while \output is active []

 [24]
Underfull \vbox (badness 10000) has occurred while \output is active []

 [25 <./tsne_models//tsne_cwru_12k_de_raw_input.png> <./tsne_models//tsne_vit_12k_de_trial_seed42.png> <./tsne_models//tsne_convnext_tiny_12k_de_trial_seed42.png> <./tsne_models//tsne_efficientnet_b0_12k_de_trial_seed42.png> <./tsne_models//tsne_mobilenetv3_small_12k_de_trial_seed42.png> <./tsne_models//tsne_MSCA_VGG16_12k_de_trial_seed42.png>]
</home/yangchen/git_clone/AW-DPCNN/data-optimization/noise_robustness/data-optimization/noise_robustness/noise_robustness_multi_panel.pdf, id=652, 1291.8869pt x 349.84302pt>
File: /home/yangchen/git_clone/AW-DPCNN/data-optimization/noise_robustness/data-optimization/noise_robustness/noise_robustness_multi_panel.pdf Graphic file (type pdf)
<use /home/yangchen/git_clone/AW-DPCNN/data-optimization/noise_robustness/data-optimization/noise_robustness/noise_robustness_multi_panel.pdf>
Package pdftex.def Info: /home/yangchen/git_clone/AW-DPCNN/data-optimization/noise_robustness/data-optimization/noise_robustness/noise_robustness_multi_panel.pdf  used on input line 892.
(pdftex.def)             Requested size: 372.0pt x 100.73656pt.
<figures/generalization/generalization_trial_seed42.pdf, id=653, 933.2648pt x 309.69643pt>
File: figures/generalization/generalization_trial_seed42.pdf Graphic file (type pdf)
<use figures/generalization/generalization_trial_seed42.pdf>
Package pdftex.def Info: figures/generalization/generalization_trial_seed42.pdf  used on input line 899.
(pdftex.def)             Requested size: 372.0pt x 123.44633pt.

Underfull \vbox (badness 10000) has occurred while \output is active []

 [26 </home/yangchen/git_clone/AW-DPCNN/data-optimization/noise_robustness/data-optimization/noise_robustness/noise_robustness_multi_panel.pdf> <./figures/generalization/generalization_trial_seed42.pdf>]
Underfull \vbox (badness 10000) has occurred while \output is active []

 [27]

Package hyperref Warning: Difference (4) between bookmark levels is greater 
(hyperref)                than one, level fixed on input line 940.

(./manuscript.bbl
Underfull \vbox (badness 10000) has occurred while \output is active []

 [28]
Underfull \vbox (badness 10000) has occurred while \output is active []

 [29]
Underfull \vbox (badness 10000) has occurred while \output is active []

 [30]
Underfull \vbox (badness 10000) has occurred while \output is active []

 [31]
Underfull \vbox (badness 10000) has occurred while \output is active []

 [32])
Underfull \vbox (badness 10000) has occurred while \output is active []

 [33] (./manuscript.aux)

LaTeX Font Warning: Size substitutions with differences
(Font)              up to 0.985pt have occurred.


LaTeX Font Warning: Some font shapes were not available, defaults substituted.

Package rerunfilecheck Info: File `manuscript.out' has not changed.
(rerunfilecheck)             Checksum: FCC46CED8805FDB241A1A0270D53396F;6135.
 ) 
Here is how much of TeX's memory you used:
 21729 strings out of 479654
 409036 string characters out of 5883417
 697891 words of memory out of 5000000
 39311 multiletter control sequences out of 15000+600000
 501894 words of font info for 152 fonts, out of 8000000 for 9000
 322 hyphenation exceptions out of 8191
 85i,19n,90p,1937b,1021s stack positions out of 5000i,500n,10000p,200000b,80000s
 </home/yangchen/.texlive2021/texmf-var/fonts/pk/ljfour/jknappen/ec/tcrm1000.600pk></usr/share/texlive/texmf-dist/fonts/type1/public/amsfonts/cm/cmbx10.pfb></usr/share/texlive/texmf-dist/fonts/type1/public/amsfonts/cm/cmbx12.pfb></usr/share/texlive/texmf-dist/fonts/type1/public/amsfonts/cm/cmbx7.pfb></usr/share/texlive/texmf-dist/fonts/type1/public/amsfonts/cm/cmbx8.pfb></usr/share/texlive/texmf-dist/fonts/type1/public/amsfonts/cm/cmbx9.pfb></usr/share/texlive/texmf-dist/fonts/type1/public/amsfonts/cm/cmcsc10.pfb></usr/share/texlive/texmf-dist/fonts/type1/public/amsfonts/cm/cmex10.pfb></usr/share/texlive/texmf-dist/fonts/type1/public/amsfonts/cm/cmmi10.pfb></usr/share/texlive/texmf-dist/fonts/type1/public/amsfonts/cm/cmmi5.pfb></usr/share/texlive/texmf-dist/fonts/type1/public/amsfonts/cm/cmmi7.pfb></usr/share/texlive/texmf-dist/fonts/type1/public/amsfonts/cm/cmmi8.pfb></usr/share/texlive/texmf-dist/fonts/type1/public/amsfonts/cm/cmmi9.pfb></usr/share/texlive/texmf-dist/fonts/type1/public/amsfonts/cm/cmmib10.pfb></usr/share/texlive/texmf-dist/fonts/type1/public/amsfonts/cmextra/cmmib7.pfb></usr/share/texlive/texmf-dist/fonts/type1/public/amsfonts/cm/cmr10.pfb></usr/share/texlive/texmf-dist/fonts/type1/public/amsfonts/cm/cmr12.pfb></usr/share/texlive/texmf-dist/fonts/type1/public/amsfonts/cm/cmr17.pfb></usr/share/texlive/texmf-dist/fonts/type1/public/amsfonts/cm/cmr5.pfb></usr/share/texlive/texmf-dist/fonts/type1/public/amsfonts/cm/cmr7.pfb></usr/share/texlive/texmf-dist/fonts/type1/public/amsfonts/cm/cmr8.pfb></usr/share/texlive/texmf-dist/fonts/type1/public/amsfonts/cm/cmr9.pfb></usr/share/texlive/texmf-dist/fonts/type1/public/amsfonts/cm/cmsy10.pfb></usr/share/texlive/texmf-dist/fonts/type1/public/amsfonts/cm/cmsy7.pfb></usr/share/texlive/texmf-dist/fonts/type1/public/amsfonts/cm/cmsy8.pfb></usr/share/texlive/texmf-dist/fonts/type1/public/amsfonts/cm/cmsy9.pfb></usr/share/texlive/texmf-dist/fonts/type1/public/amsfonts/cm/cmti10.pfb></usr/share/texlive/texmf-dist/fonts/type1/public/amsfonts/cm/cmti9.pfb></usr/share/texlive/texmf-dist/fonts/type1/public/amsfonts/symbols/msam10.pfb></usr/share/texlive/texmf-dist/fonts/type1/public/amsfonts/symbols/msbm10.pfb>
Output written on manuscript.pdf (33 pages, 11192958 bytes).
PDF statistics:
 1056 PDF objects out of 1200 (max. 8388607)
 751 compressed objects within 8 object streams
 175 named destinations out of 1000 (max. 500000)
 18834 words of extra memory for PDF output out of 20736 (max. 10000000)

