This is pdfTeX, Version 3.141592653-2.6-1.40.22 (TeX Live 2022/dev/Debian) (preloaded format=pdflatex 2026.4.17)  12 JUN 2026 09:40
entering extended mode
 restricted \write18 enabled.
 %&-line parsing enabled.
**mst.tex
(./mst.tex
LaTeX2e <2021-11-15> patch level 1
L3 programming layer <2022-01-21> (./iopjournal.cls
Document Class: iopjournal 2024/01/31 IOP Publishing journal article LaTeX temp
late
(/usr/share/texlive/texmf-dist/tex/latex/fancyhdr/fancyhdr.sty
Package: fancyhdr 2021/01/28 v4.0.1 Extensive control of page headers and foote
rs
\f@nch@headwidth=\skip47
\f@nch@O@elh=\skip48
\f@nch@O@erh=\skip49
\f@nch@O@olh=\skip50
\f@nch@O@orh=\skip51
\f@nch@O@elf=\skip52
\f@nch@O@erf=\skip53
\f@nch@O@olf=\skip54
\f@nch@O@orf=\skip55
)
(/usr/share/texlive/texmf-dist/tex/latex/xcolor/xcolor.sty
Package: xcolor 2021/10/31 v2.13 LaTeX color extensions (UK)

(/usr/share/texlive/texmf-dist/tex/latex/graphics-cfg/color.cfg
File: color.cfg 2016/01/02 v1.6 sample color configuration
)
Package xcolor Info: Driver file: pdftex.def on input line 227.

(/usr/share/texlive/texmf-dist/tex/latex/graphics-def/pdftex.def
File: pdftex.def 2020/10/05 v1.2a Graphics/color driver for pdftex
)
Package xcolor Info: Model `cmy' substituted by `cmy0' on input line 1352.
Package xcolor Info: Model `hsb' substituted by `rgb' on input line 1356.
Package xcolor Info: Model `RGB' extended on input line 1368.
Package xcolor Info: Model `HTML' substituted by `rgb' on input line 1370.
Package xcolor Info: Model `Hsb' substituted by `hsb' on input line 1371.
Package xcolor Info: Model `tHsb' substituted by `hsb' on input line 1372.
Package xcolor Info: Model `HSB' substituted by `hsb' on input line 1373.
Package xcolor Info: Model `Gray' substituted by `gray' on input line 1374.
Package xcolor Info: Model `wave' substituted by `hsb' on input line 1375.
)
(/usr/share/texlive/texmf-dist/tex/latex/graphics/graphicx.sty
Package: graphicx 2021/09/16 v1.2d Enhanced LaTeX Graphics (DPC,SPQR)

(/usr/share/texlive/texmf-dist/tex/latex/graphics/keyval.sty
Package: keyval 2014/10/28 v1.15 key=value parser (DPC)
\KV@toks@=\toks16
)
(/usr/share/texlive/texmf-dist/tex/latex/graphics/graphics.sty
Package: graphics 2021/03/04 v1.4d Standard LaTeX Graphics (DPC,SPQR)

(/usr/share/texlive/texmf-dist/tex/latex/graphics/trig.sty
Package: trig 2021/08/11 v1.11 sin cos tan (DPC)
)
(/usr/share/texlive/texmf-dist/tex/latex/graphics-cfg/graphics.cfg
File: graphics.cfg 2016/06/04 v1.11 sample graphics configuration
)
Package graphics Info: Driver file: pdftex.def on input line 107.
)
\Gin@req@height=\dimen138
\Gin@req@width=\dimen139
)
(/usr/share/texlive/texmf-dist/tex/latex/base/article.cls
Document Class: article 2021/10/04 v1.4n Standard LaTeX document class
(/usr/share/texlive/texmf-dist/tex/latex/base/size10.clo
File: size10.clo 2021/10/04 v1.4n Standard LaTeX file (size option)
)
\c@part=\count185
\c@section=\count186
\c@subsection=\count187
\c@subsubsection=\count188
\c@paragraph=\count189
\c@subparagraph=\count190
\c@figure=\count191
\c@table=\count192
\abovecaptionskip=\skip56
\belowcaptionskip=\skip57
\bibindent=\dimen140
)
(/usr/share/texlive/texmf-dist/tex/latex/hyperref/hyperref.sty
Package: hyperref 2021-06-07 v7.00m Hypertext links for LaTeX

(/usr/share/texlive/texmf-dist/tex/generic/ltxcmds/ltxcmds.sty
Package: ltxcmds 2020-05-10 v1.25 LaTeX kernel commands for general use (HO)
)
(/usr/share/texlive/texmf-dist/tex/generic/iftex/iftex.sty
Package: iftex 2020/03/06 v1.0d TeX engine tests
)
(/usr/share/texlive/texmf-dist/tex/generic/pdftexcmds/pdftexcmds.sty
Package: pdftexcmds 2020-06-27 v0.33 Utility functions of pdfTeX for LuaTeX (HO
)

(/usr/share/texlive/texmf-dist/tex/generic/infwarerr/infwarerr.sty
Package: infwarerr 2019/12/03 v1.5 Providing info/warning/error messages (HO)
)
Package pdftexcmds Info: \pdf@primitive is available.
Package pdftexcmds Info: \pdf@ifprimitive is available.
Package pdftexcmds Info: \pdfdraftmode found.
)
(/usr/share/texlive/texmf-dist/tex/generic/kvsetkeys/kvsetkeys.sty
Package: kvsetkeys 2019/12/15 v1.18 Key value parser (HO)
)
(/usr/share/texlive/texmf-dist/tex/generic/kvdefinekeys/kvdefinekeys.sty
Package: kvdefinekeys 2019-12-19 v1.6 Define keys (HO)
)
(/usr/share/texlive/texmf-dist/tex/generic/pdfescape/pdfescape.sty
Package: pdfescape 2019/12/09 v1.15 Implements pdfTeX's escape features (HO)
)
(/usr/share/texlive/texmf-dist/tex/latex/hycolor/hycolor.sty
Package: hycolor 2020-01-27 v1.10 Color options for hyperref/bookmark (HO)
)
(/usr/share/texlive/texmf-dist/tex/latex/letltxmacro/letltxmacro.sty
Package: letltxmacro 2019/12/03 v1.6 Let assignment for LaTeX macros (HO)
)
(/usr/share/texlive/texmf-dist/tex/latex/auxhook/auxhook.sty
Package: auxhook 2019-12-17 v1.6 Hooks for auxiliary files (HO)
)
(/usr/share/texlive/texmf-dist/tex/latex/kvoptions/kvoptions.sty
Package: kvoptions 2020-10-07 v3.14 Key value format for package options (HO)
)
\@linkdim=\dimen141
\Hy@linkcounter=\count193
\Hy@pagecounter=\count194

(/usr/share/texlive/texmf-dist/tex/latex/hyperref/pd1enc.def
File: pd1enc.def 2021-06-07 v7.00m Hyperref: PDFDocEncoding definition (HO)
Now handling font encoding PD1 ...
... no UTF-8 mapping file for font encoding PD1
)
(/usr/share/texlive/texmf-dist/tex/latex/hyperref/hyperref-langpatches.def
File: hyperref-langpatches.def 2021-06-07 v7.00m Hyperref: patches for babel la
nguages
)
(/usr/share/texlive/texmf-dist/tex/generic/intcalc/intcalc.sty
Package: intcalc 2019/12/15 v1.3 Expandable calculations with integers (HO)
)
(/usr/share/texlive/texmf-dist/tex/generic/etexcmds/etexcmds.sty
Package: etexcmds 2019/12/15 v1.7 Avoid name clashes with e-TeX commands (HO)
)
\Hy@SavedSpaceFactor=\count195

(/usr/share/texlive/texmf-dist/tex/latex/hyperref/puenc.def
File: puenc.def 2021-06-07 v7.00m Hyperref: PDF Unicode definition (HO)
Now handling font encoding PU ...
... no UTF-8 mapping file for font encoding PU
)
Package hyperref Info: Option `colorlinks' set `true' on input line 4073.
Package hyperref Info: Hyper figures OFF on input line 4192.
Package hyperref Info: Link nesting OFF on input line 4197.
Package hyperref Info: Hyper index ON on input line 4200.
Package hyperref Info: Plain pages OFF on input line 4207.
Package hyperref Info: Backreferencing OFF on input line 4212.
Package hyperref Info: Implicit mode ON; LaTeX internals redefined.
Package hyperref Info: Bookmarks ON on input line 4445.
\c@Hy@tempcnt=\count196

(/usr/share/texlive/texmf-dist/tex/latex/url/url.sty
\Urlmuskip=\muskip16
Package: url 2013/09/16  ver 3.4  Verb mode for urls, etc.
)
LaTeX Info: Redefining \url on input line 4804.
\XeTeXLinkMargin=\dimen142

(/usr/share/texlive/texmf-dist/tex/generic/bitset/bitset.sty
Package: bitset 2019/12/09 v1.3 Handle bit-vector datatype (HO)

(/usr/share/texlive/texmf-dist/tex/generic/bigintcalc/bigintcalc.sty
Package: bigintcalc 2019/12/15 v1.5 Expandable calculations on big integers (HO
)
))
\Fld@menulength=\count197
\Field@Width=\dimen143
\Fld@charsize=\dimen144
Package hyperref Info: Hyper figures OFF on input line 6076.
Package hyperref Info: Link nesting OFF on input line 6081.
Package hyperref Info: Hyper index ON on input line 6084.
Package hyperref Info: backreferencing OFF on input line 6091.
Package hyperref Info: Link coloring ON on input line 6094.
Package hyperref Info: Link coloring with OCG OFF on input line 6101.
Package hyperref Info: PDF/A mode OFF on input line 6106.
LaTeX Info: Redefining \ref on input line 6146.
LaTeX Info: Redefining \pageref on input line 6150.

(/usr/share/texlive/texmf-dist/tex/latex/base/atbegshi-ltx.sty
Package: atbegshi-ltx 2021/01/10 v1.0c Emulation of the original atbegshi
package with kernel methods
)
\Hy@abspage=\count198
\c@Item=\count199
\c@Hfootnote=\count266
)
Package hyperref Info: Driver (autodetected): hpdftex.

(/usr/share/texlive/texmf-dist/tex/latex/hyperref/hpdftex.def
File: hpdftex.def 2021-06-07 v7.00m Hyperref driver for pdfTeX

(/usr/share/texlive/texmf-dist/tex/latex/base/atveryend-ltx.sty
Package: atveryend-ltx 2020/08/19 v1.0a Emulation of the original atveryend pac
kage
with kernel methods
)
\Fld@listcount=\count267
\c@bookmark@seq@number=\count268

(/usr/share/texlive/texmf-dist/tex/latex/rerunfilecheck/rerunfilecheck.sty
Package: rerunfilecheck 2019/12/05 v1.9 Rerun checks for auxiliary files (HO)

(/usr/share/texlive/texmf-dist/tex/generic/uniquecounter/uniquecounter.sty
Package: uniquecounter 2019/12/15 v1.4 Provide unlimited unique counter (HO)
)
Package uniquecounter Info: New unique counter `rerunfilecheck' on input line 2
86.
)
\Hy@SectionHShift=\skip58
))
(/usr/share/texlive/texmf-dist/tex/latex/cite/cite.sty
LaTeX Info: Redefining \cite on input line 302.
LaTeX Info: Redefining \nocite on input line 332.
Package: cite 2015/02/27  v 5.5
)
(/usr/share/texlive/texmf-dist/tex/latex/amsmath/amsmath.sty
Package: amsmath 2021/10/15 v2.17l AMS math features
\@mathmargin=\skip59

For additional information on amsmath, use the `?' option.
(/usr/share/texlive/texmf-dist/tex/latex/amsmath/amstext.sty
Package: amstext 2021/08/26 v2.01 AMS text

(/usr/share/texlive/texmf-dist/tex/latex/amsmath/amsgen.sty
File: amsgen.sty 1999/11/30 v2.0 generic functions
\@emptytoks=\toks17
\ex@=\dimen145
))
(/usr/share/texlive/texmf-dist/tex/latex/amsmath/amsbsy.sty
Package: amsbsy 1999/11/29 v1.2d Bold Symbols
\pmbraise@=\dimen146
)
(/usr/share/texlive/texmf-dist/tex/latex/amsmath/amsopn.sty
Package: amsopn 2021/08/26 v2.02 operator names
)
\inf@bad=\count269
LaTeX Info: Redefining \frac on input line 234.
\uproot@=\count270
\leftroot@=\count271
LaTeX Info: Redefining \overline on input line 399.
\classnum@=\count272
\DOTSCASE@=\count273
LaTeX Info: Redefining \ldots on input line 496.
LaTeX Info: Redefining \dots on input line 499.
LaTeX Info: Redefining \cdots on input line 620.
\Mathstrutbox@=\box50
\strutbox@=\box51
\big@size=\dimen147
LaTeX Font Info:    Redeclaring font encoding OML on input line 743.
LaTeX Font Info:    Redeclaring font encoding OMS on input line 744.
\macc@depth=\count274
\c@MaxMatrixCols=\count275
\dotsspace@=\muskip17
\c@parentequation=\count276
\dspbrk@lvl=\count277
\tag@help=\toks18
\row@=\count278
\column@=\count279
\maxfields@=\count280
\andhelp@=\toks19
\eqnshift@=\dimen148
\alignsep@=\dimen149
\tagshift@=\dimen150
\tagwidth@=\dimen151
\totwidth@=\dimen152
\lineht@=\dimen153
\@envbody=\toks20
\multlinegap=\skip60
\multlinetaggap=\skip61
\mathdisplay@stack=\toks21
LaTeX Info: Redefining \[ on input line 2938.
LaTeX Info: Redefining \] on input line 2939.
)
(/usr/share/texlive/texmf-dist/tex/latex/amsfonts/amssymb.sty
Package: amssymb 2013/01/14 v3.01 AMS font symbols

(/usr/share/texlive/texmf-dist/tex/latex/amsfonts/amsfonts.sty
Package: amsfonts 2013/01/14 v3.01 Basic AMSFonts support
\symAMSa=\mathgroup4
\symAMSb=\mathgroup5
LaTeX Font Info:    Redeclaring math symbol \hbar on input line 98.
LaTeX Font Info:    Overwriting math alphabet `\mathfrak' in version `bold'
(Font)                  U/euf/m/n --> U/euf/b/n on input line 106.
))
(/usr/share/texlive/texmf-dist/tex/latex/algorithms/algorithmic.sty
Package: algorithmic 2009/08/24 v0.1 Document Style `algorithmic'

(/usr/share/texlive/texmf-dist/tex/latex/base/ifthen.sty
Package: ifthen 2020/11/24 v1.1c Standard LaTeX ifthen package (DPC)
)
\c@ALC@unique=\count281
\c@ALC@line=\count282
\c@ALC@rem=\count283
\c@ALC@depth=\count284
\ALC@tlm=\skip62
\algorithmicindent=\skip63
)
(/usr/share/texlive/texmf-dist/tex/latex/base/textcomp.sty
Package: textcomp 2020/02/02 v2.0n Standard LaTeX package
)
(/usr/share/texlive/texmf-dist/tex/latex/wrapfig/wrapfig.sty
\wrapoverhang=\dimen154
\WF@size=\dimen155
\c@WF@wrappedlines=\count285
\WF@box=\box52
\WF@everypar=\toks22
Package: wrapfig 2003/01/31  v 3.6
)
(/usr/share/texlive/texmf-dist/tex/latex/caption/subcaption.sty
Package: subcaption 2020/10/07 v1.3j Sub-captions (AR)

(/usr/share/texlive/texmf-dist/tex/latex/caption/caption.sty
Package: caption 2020/10/26 v3.5g Customizing captions (AR)

(/usr/share/texlive/texmf-dist/tex/latex/caption/caption3.sty
Package: caption3 2020/10/21 v2.2e caption3 kernel (AR)
\captionmargin=\dimen156
\captionmargin@=\dimen157
\captionwidth=\dimen158
\caption@tempdima=\dimen159
\caption@indent=\dimen160
\caption@parindent=\dimen161
\caption@hangindent=\dimen162
Package caption Info: Unknown document class (or package),
(caption)             standard defaults will be used.
Package caption Info: \@makecaption = \long macro:#1#2->\vskip \abovecaptionski
p \sbox \@tempboxa {\fontsize {8}{10}\selectfont {\bfseries #1.} #2}\ifdim \wd 
\@tempboxa >\hsize \raggedright \fontsize {8}{10}\selectfont {\bfseries #1.} #2
\par \else \global \@minipagefalse \hb@xt@ \hsize {\hfil \box \@tempboxa \hfil 
}\fi \vskip \belowcaptionskip  on input line 1139.
)

Package caption Warning: Unknown document class (or package),
(caption)                standard defaults will be used.
See the caption package documentation for explanation.

\c@caption@flags=\count286
\c@continuedfloat=\count287
Package caption Info: hyperref package is loaded.
Package caption Info: wrapfig package is loaded.
)
\c@subfigure=\count288
\c@subtable=\count289
) (/usr/share/texlive/texmf-dist/tex/latex/booktabs/booktabs.sty
Package: booktabs 2020/01/12 v1.61803398 Publication quality tables
\heavyrulewidth=\dimen163
\lightrulewidth=\dimen164
\cmidrulewidth=\dimen165
\belowrulesep=\dimen166
\belowbottomsep=\dimen167
\aboverulesep=\dimen168
\abovetopsep=\dimen169
\cmidrulesep=\dimen170
\cmidrulekern=\dimen171
\defaultaddspace=\dimen172
\@cmidla=\count290
\@cmidlb=\count291
\@aboverulesep=\dimen173
\@belowrulesep=\dimen174
\@thisruleclass=\count292
\@lastruleclass=\count293
\@thisrulewidth=\dimen175
)
(/usr/share/texlive/texmf-dist/tex/latex/multirow/multirow.sty
Package: multirow 2021/03/15 v2.8 Span multiple rows of a table
\multirow@colwidth=\skip64
\multirow@cntb=\count294
\multirow@dima=\skip65
\bigstrutjot=\dimen176
)
(/usr/share/texlive/texmf-dist/tex/latex/microtype/microtype.sty
Package: microtype 2021/12/10 v3.0b Micro-typographical refinements (RS)

(/usr/share/texlive/texmf-dist/tex/latex/etoolbox/etoolbox.sty
Package: etoolbox 2020/10/05 v2.5k e-TeX tools for LaTeX (JAW)
\etb@tempcnta=\count295
)
\MT@toks=\toks23
\MT@count=\count296
\MT@tempbox=\box53
LaTeX Info: Redefining \leftprotrusion on input line 1010.
LaTeX Info: Redefining \rightprotrusion on input line 1018.
LaTeX Info: Redefining \textls on input line 1173.
\MT@outer@kern=\dimen177
LaTeX Info: Redefining \textmicrotypecontext on input line 1759.
\MT@listname@count=\count297

(/usr/share/texlive/texmf-dist/tex/latex/microtype/microtype-pdftex.def
File: microtype-pdftex.def 2021/12/10 v3.0b Definitions specific to pdftex (RS)

LaTeX Info: Redefining \lsstyle on input line 897.
LaTeX Info: Redefining \lslig on input line 897.
\MT@outer@space=\skip66
)
Package microtype Info: Loading configuration file microtype.cfg.

(/usr/share/texlive/texmf-dist/tex/latex/microtype/microtype.cfg
File: microtype.cfg 2021/12/10 v3.0b microtype main configuration file (RS)
))
(/usr/share/texlive/texmf-dist/tex/latex/l3backend/l3backend-pdftex.def
File: l3backend-pdftex.def 2022-01-12 L3 backend support: PDF output (pdfTeX)
\l__color_backend_stack_int=\count298
\l__pdf_internal_box=\box54
)
(./mst.aux)
\openout1 = `mst.aux'.

LaTeX Font Info:    Checking defaults for OML/cmm/m/it on input line 19.
LaTeX Font Info:    ... okay on input line 19.
LaTeX Font Info:    Checking defaults for OMS/cmsy/m/n on input line 19.
LaTeX Font Info:    ... okay on input line 19.
LaTeX Font Info:    Checking defaults for OT1/cmr/m/n on input line 19.
LaTeX Font Info:    ... okay on input line 19.
LaTeX Font Info:    Checking defaults for T1/cmr/m/n on input line 19.
LaTeX Font Info:    ... okay on input line 19.
LaTeX Font Info:    Checking defaults for TS1/cmr/m/n on input line 19.
LaTeX Font Info:    ... okay on input line 19.
LaTeX Font Info:    Checking defaults for OMX/cmex/m/n on input line 19.
LaTeX Font Info:    ... okay on input line 19.
LaTeX Font Info:    Checking defaults for U/cmr/m/n on input line 19.
LaTeX Font Info:    ... okay on input line 19.
LaTeX Font Info:    Checking defaults for PD1/pdf/m/n on input line 19.
LaTeX Font Info:    ... okay on input line 19.
LaTeX Font Info:    Checking defaults for PU/pdf/m/n on input line 19.
LaTeX Font Info:    ... okay on input line 19.
 (/usr/share/texlive/texmf-dist/tex/context/base/mkii/supp-pdf.mkii
[Loading MPS to PDF converter (version 2006.09.02).]
\scratchcounter=\count299
\scratchdimen=\dimen178
\scratchbox=\box55
\nofMPsegments=\count300
\nofMParguments=\count301
\everyMPshowfont=\toks24
\MPscratchCnt=\count302
\MPscratchDim=\dimen179
\MPnumerator=\count303
\makeMPintoPDFobject=\count304
\everyMPtoPDFconversion=\toks25
) (/usr/share/texlive/texmf-dist/tex/latex/epstopdf-pkg/epstopdf-base.sty
Package: epstopdf-base 2020-01-24 v2.11 Base part for package epstopdf
Package epstopdf-base Info: Redefining graphics rule for `.eps' on input line 4
85.

(/usr/share/texlive/texmf-dist/tex/latex/latexconfig/epstopdf-sys.cfg
File: epstopdf-sys.cfg 2010/07/13 v1.3 Configuration of (r)epstopdf for TeX Liv
e
))
Package hyperref Info: Link coloring ON on input line 19.

(/usr/share/texlive/texmf-dist/tex/latex/hyperref/nameref.sty
Package: nameref 2021-04-02 v2.47 Cross-referencing by name of section

(/usr/share/texlive/texmf-dist/tex/latex/refcount/refcount.sty
Package: refcount 2019/12/15 v3.6 Data extraction from label references (HO)
)
(/usr/share/texlive/texmf-dist/tex/generic/gettitlestring/gettitlestring.sty
Package: gettitlestring 2019/12/15 v1.6 Cleanup title references (HO)
)
\c@section@level=\count305
)
LaTeX Info: Redefining \ref on input line 19.
LaTeX Info: Redefining \pageref on input line 19.
LaTeX Info: Redefining \nameref on input line 19.

(./mst.out) (./mst.out)
\@outlinefile=\write3
\openout3 = `mst.out'.

Package caption Info: Begin \AtBeginDocument code.
Package caption Info: End \AtBeginDocument code.
LaTeX Info: Redefining \microtypecontext on input line 19.
Package microtype Info: Applying patch `item' on input line 19.
Package microtype Info: Applying patch `toc' on input line 19.
Package microtype Info: Applying patch `eqnum' on input line 19.
Package microtype Info: Applying patch `footnote' on input line 19.
Package microtype Info: Generating PDF output.
Package microtype Info: Character protrusion enabled (level 2).
Package microtype Info: Using default protrusion set `alltext'.
Package microtype Info: Automatic font expansion enabled (level 2),
(microtype)             stretch: 20, shrink: 20, step: 1, non-selected.
Package microtype Info: Using default expansion set `alltext-nott'.
LaTeX Info: Redefining \showhyphens on input line 19.
Package microtype Info: No adjustment of tracking.
Package microtype Info: No adjustment of interword spacing.
Package microtype Info: No adjustment of character kerning.

(/usr/share/texlive/texmf-dist/tex/latex/microtype/mt-cmr.cfg
File: mt-cmr.cfg 2013/05/19 v2.2 microtype config. file: Computer Modern Roman 
(RS)
)

LaTeX Font Warning: Font shape `OT1/cmr/m/n' in size <18> not available
(Font)              size <17.28> substituted on input line 21.


LaTeX Font Warning: Font shape `OT1/cmss/m/n' in size <18> not available
(Font)              size <17.28> substituted on input line 21.

Package microtype Info: Loading generic protrusion settings for font family
(microtype)             `cmss' (encoding: OT1).
(microtype)             For optimal results, create family-specific settings.
(microtype)             See the microtype manual for details.
[1{/var/lib/texmf/fonts/map/pdftex/updmap/pdftex.map}

]

pdfTeX warning: pdflatex (file ./framework/framework.pdf): PDF inclusion: found
 PDF version <1.7>, but at most version <1.5> allowed
<framework/framework.pdf, id=148, 2003.56526pt x 421.575pt>
File: framework/framework.pdf Graphic file (type pdf)
<use framework/framework.pdf>
Package pdftex.def Info: framework/framework.pdf  used on input line 47.
(pdftex.def)             Requested size: 435.32716pt x 91.59532pt.
LaTeX Font Info:    Trying to load font information for U+msa on input line 55.

(/usr/share/texlive/texmf-dist/tex/latex/amsfonts/umsa.fd
File: umsa.fd 2013/01/14 v3.01 AMS symbols A
)
(/usr/share/texlive/texmf-dist/tex/latex/microtype/mt-msa.cfg
File: mt-msa.cfg 2006/02/04 v1.1 microtype config. file: AMS symbols (a) (RS)
)
LaTeX Font Info:    Trying to load font information for U+msb on input line 55.


(/usr/share/texlive/texmf-dist/tex/latex/amsfonts/umsb.fd
File: umsb.fd 2013/01/14 v3.01 AMS symbols B
)
(/usr/share/texlive/texmf-dist/tex/latex/microtype/mt-msb.cfg
File: mt-msb.cfg 2005/06/01 v1.0 microtype config. file: AMS symbols (b) (RS)
) [2]
<representation//Normal_00000_mel.png, id=177, 224.84pt x 224.84pt>
File: representation//Normal_00000_mel.png Graphic file (type png)
<use representation//Normal_00000_mel.png>
Package pdftex.def Info: representation//Normal_00000_mel.png  used on input li
ne 70.
(pdftex.def)             Requested size: 208.95517pt x 208.96523pt.
<representation//Normal_00000_gadf.png, id=178, 224.84pt x 224.84pt>
File: representation//Normal_00000_gadf.png Graphic file (type png)
<use representation//Normal_00000_gadf.png>
Package pdftex.def Info: representation//Normal_00000_gadf.png  used on input l
ine 76.
(pdftex.def)             Requested size: 208.95517pt x 208.96523pt.
 [3 <./framework/framework.pdf> <./representation//Normal_00000_mel.png (PNG co
py)> <./representation//Normal_00000_gadf.png (PNG copy)>] [4] [5]

pdfTeX warning: pdflatex (file ./AW-DPCNN/AW-DPCNN.pdf): PDF inclusion: found P
DF version <1.7>, but at most version <1.5> allowed
<AW-DPCNN/AW-DPCNN.pdf, id=257, 1290.74213pt x 489.74968pt>
File: AW-DPCNN/AW-DPCNN.pdf Graphic file (type pdf)
<use AW-DPCNN/AW-DPCNN.pdf>
Package pdftex.def Info: AW-DPCNN/AW-DPCNN.pdf  used on input line 233.
(pdftex.def)             Requested size: 435.32716pt x 165.17502pt.
[6 <./AW-DPCNN/AW-DPCNN.pdf>] [7]

pdfTeX warning: pdflatex (file ./MSCA-VGG16/MSCA-VGG16.pdf): PDF inclusion: fou
nd PDF version <1.7>, but at most version <1.5> allowed
<MSCA-VGG16/MSCA-VGG16.pdf, id=304, 1025.75218pt x 545.1567pt>
File: MSCA-VGG16/MSCA-VGG16.pdf Graphic file (type pdf)
<use MSCA-VGG16/MSCA-VGG16.pdf>
Package pdftex.def Info: MSCA-VGG16/MSCA-VGG16.pdf  used on input line 349.
(pdftex.def)             Requested size: 435.32716pt x 231.36826pt.


pdfTeX warning: pdflatex (file ./equipment/equipment.pdf): PDF inclusion: found
 PDF version <1.7>, but at most version <1.5> allowed
<equipment/equipment.pdf, id=306, 524.92107pt x 198.7425pt>
File: equipment/equipment.pdf Graphic file (type pdf)
<use equipment/equipment.pdf>
Package pdftex.def Info: equipment/equipment.pdf  used on input line 360.
(pdftex.def)             Requested size: 435.32716pt x 164.82278pt.


pdfTeX warning: pdflatex (file ./Fused images/Fused images.pdf): PDF inclusion:
 found PDF version <1.7>, but at most version <1.5> allowed
<Fused images/Fused images.pdf, id=310, 1219.6767pt x 478.66827pt>
File: Fused images/Fused images.pdf Graphic file (type pdf)
<use Fused images/Fused images.pdf>
Package pdftex.def Info: Fused images/Fused images.pdf  used on input line 414.

(pdftex.def)             Requested size: 435.32716pt x 170.84506pt.
[8] [9 <./MSCA-VGG16/MSCA-VGG16.pdf> <./equipment/equipment.pdf>] [10 <./Fused 
images/Fused images.pdf>]
<confusion_matrix/confusion_matrix_baseline.png, id=425, 433.1382pt x 426.393pt
>
File: confusion_matrix/confusion_matrix_baseline.png Graphic file (type png)
<use confusion_matrix/confusion_matrix_baseline.png>
Package pdftex.def Info: confusion_matrix/confusion_matrix_baseline.png  used o
n input line 494.
(pdftex.def)             Requested size: 208.95517pt x 205.70079pt.
<confusion_matrix/confusion_matrix_alexnet.png, id=427, 433.1382pt x 426.393pt>

File: confusion_matrix/confusion_matrix_alexnet.png Graphic file (type png)
<use confusion_matrix/confusion_matrix_alexnet.png>
Package pdftex.def Info: confusion_matrix/confusion_matrix_alexnet.png  used on
 input line 500.
(pdftex.def)             Requested size: 208.95517pt x 205.70079pt.
<confusion_matrix/confusion_matrix_resnet18.png, id=428, 433.1382pt x 426.393pt
>
File: confusion_matrix/confusion_matrix_resnet18.png Graphic file (type png)
<use confusion_matrix/confusion_matrix_resnet18.png>
Package pdftex.def Info: confusion_matrix/confusion_matrix_resnet18.png  used o
n input line 506.
(pdftex.def)             Requested size: 208.95517pt x 205.70079pt.
<confusion_matrix/confusion_matrix_convnext_tiny.png, id=429, 433.1382pt x 426.
393pt>
File: confusion_matrix/confusion_matrix_convnext_tiny.png Graphic file (type pn
g)
<use confusion_matrix/confusion_matrix_convnext_tiny.png>
Package pdftex.def Info: confusion_matrix/confusion_matrix_convnext_tiny.png  u
sed on input line 512.
(pdftex.def)             Requested size: 208.95517pt x 205.70079pt.
<confusion_matrix/confusion_matrix_vgg16.png, id=430, 433.1382pt x 426.393pt>
File: confusion_matrix/confusion_matrix_vgg16.png Graphic file (type png)
<use confusion_matrix/confusion_matrix_vgg16.png>
Package pdftex.def Info: confusion_matrix/confusion_matrix_vgg16.png  used on i
nput line 518.
(pdftex.def)             Requested size: 208.95517pt x 205.70079pt.
<confusion_matrix/confusion_matrix__MSCA_VGG16.png, id=431, 433.01775pt x 426.3
93pt>
File: confusion_matrix/confusion_matrix__MSCA_VGG16.png Graphic file (type png)

<use confusion_matrix/confusion_matrix__MSCA_VGG16.png>
Package pdftex.def Info: confusion_matrix/confusion_matrix__MSCA_VGG16.png  use
d on input line 524.
(pdftex.def)             Requested size: 208.95517pt x 205.75285pt.


LaTeX Warning: Float too large for page by 0.18074pt on input line 529.


Overfull \hbox (10.53508pt too wide) in paragraph at lines 557--571
 [][] 
 []


Overfull \hbox (1.07736pt too wide) in paragraph at lines 580--601
 [][] 
 []

[11] [12 <./confusion_matrix/confusion_matrix_baseline.png> <./confusion_matrix
/confusion_matrix_alexnet.png> <./confusion_matrix/confusion_matrix_resnet18.pn
g> <./confusion_matrix/confusion_matrix_convnext_tiny.png> <./confusion_matrix/
confusion_matrix_vgg16.png> <./confusion_matrix/confusion_matrix__MSCA_VGG16.pn
g>] [13]
<tsne/tsne__MSCA_VGG16_mel.png, id=480, 308.352pt x 260.172pt>
File: tsne/tsne__MSCA_VGG16_mel.png Graphic file (type png)
<use tsne/tsne__MSCA_VGG16_mel.png>
Package pdftex.def Info: tsne/tsne__MSCA_VGG16_mel.png  used on input line 680.

(pdftex.def)             Requested size: 208.95517pt x 176.3072pt.
<tsne/tsne__MSCA_VGG16_gadf.png, id=481, 308.352pt x 262.581pt>
File: tsne/tsne__MSCA_VGG16_gadf.png Graphic file (type png)
<use tsne/tsne__MSCA_VGG16_gadf.png>
Package pdftex.def Info: tsne/tsne__MSCA_VGG16_gadf.png  used on input line 687
.
(pdftex.def)             Requested size: 208.95517pt x 177.93968pt.
<tsne/tsne__MSCA_VGG16_concat.png, id=482, 308.352pt x 262.581pt>
File: tsne/tsne__MSCA_VGG16_concat.png Graphic file (type png)
<use tsne/tsne__MSCA_VGG16_concat.png>
Package pdftex.def Info: tsne/tsne__MSCA_VGG16_concat.png  used on input line 6
94.
(pdftex.def)             Requested size: 208.95517pt x 177.93968pt.
<tsne/tsne__MSCA_VGG16_awdpcnn.png, id=483, 308.352pt x 262.581pt>
File: tsne/tsne__MSCA_VGG16_awdpcnn.png Graphic file (type png)
<use tsne/tsne__MSCA_VGG16_awdpcnn.png>
Package pdftex.def Info: tsne/tsne__MSCA_VGG16_awdpcnn.png  used on input line 
701.
(pdftex.def)             Requested size: 208.95517pt x 177.93968pt.
<tsne_cwru/tsne_cwru_mel.png, id=486, 308.352pt x 262.581pt>
File: tsne_cwru/tsne_cwru_mel.png Graphic file (type png)
<use tsne_cwru/tsne_cwru_mel.png>
Package pdftex.def Info: tsne_cwru/tsne_cwru_mel.png  used on input line 744.
(pdftex.def)             Requested size: 208.95517pt x 177.93968pt.
<tsne_cwru/tsne_cwru_gadf.png, id=487, 308.352pt x 262.581pt>
File: tsne_cwru/tsne_cwru_gadf.png Graphic file (type png)
<use tsne_cwru/tsne_cwru_gadf.png>
Package pdftex.def Info: tsne_cwru/tsne_cwru_gadf.png  used on input line 751.
(pdftex.def)             Requested size: 208.95517pt x 177.93968pt.
<tsne_cwru/tsne_cwru_concat.png, id=488, 308.352pt x 262.581pt>
File: tsne_cwru/tsne_cwru_concat.png Graphic file (type png)
<use tsne_cwru/tsne_cwru_concat.png>
Package pdftex.def Info: tsne_cwru/tsne_cwru_concat.png  used on input line 758
.
(pdftex.def)             Requested size: 208.95517pt x 177.93968pt.
<tsne_cwru/tsne_cwru_awdpcnn.png, id=489, 485.6544pt x 413.3844pt>
File: tsne_cwru/tsne_cwru_awdpcnn.png Graphic file (type png)
<use tsne_cwru/tsne_cwru_awdpcnn.png>
Package pdftex.def Info: tsne_cwru/tsne_cwru_awdpcnn.png  used on input line 76
5.
(pdftex.def)             Requested size: 208.95517pt x 177.85905pt.
 [14] [15 <./tsne/tsne__MSCA_VGG16_mel.png> <./tsne/tsne__MSCA_VGG16_gadf.png> 
<./tsne/tsne__MSCA_VGG16_concat.png> <./tsne/tsne__MSCA_VGG16_awdpcnn.png>] [16
 <./tsne_cwru/tsne_cwru_mel.png> <./tsne_cwru/tsne_cwru_gadf.png> <./tsne_cwru/
tsne_cwru_concat.png> <./tsne_cwru/tsne_cwru_awdpcnn.png>] [17]
(./mst.bbl [18] [19]) [20] (./mst.aux)

LaTeX Font Warning: Size substitutions with differences
(Font)              up to 0.72pt have occurred.

Package rerunfilecheck Info: File `mst.out' has not changed.
(rerunfilecheck)             Checksum: 48392F8BAF731147242FF2AC8F11A063;4112.
 ) 
Here is how much of TeX's memory you used:
 14610 strings out of 478287
 236947 string characters out of 5849289
 571252 words of memory out of 5000000
 32255 multiletter control sequences out of 15000+600000
 485295 words of font info for 142 fonts, out of 8000000 for 9000
 1141 hyphenation exceptions out of 8191
 75i,15n,77p,3913b,532s stack positions out of 5000i,500n,10000p,200000b,80000s
</usr/share/texlive/texmf-dist/fonts/type1/public/amsfonts/cm/cmbx10.pfb></us
r/share/texlive/texmf-dist/fonts/type1/public/amsfonts/cm/cmbx7.pfb></usr/share
/texlive/texmf-dist/fonts/type1/public/amsfonts/cm/cmbx8.pfb></usr/share/texliv
e/texmf-dist/fonts/type1/public/amsfonts/cm/cmbx9.pfb></usr/share/texlive/texmf
-dist/fonts/type1/public/amsfonts/cm/cmex10.pfb></usr/share/texlive/texmf-dist/
fonts/type1/public/amsfonts/cm/cmmi10.pfb></usr/share/texlive/texmf-dist/fonts/
type1/public/amsfonts/cm/cmmi5.pfb></usr/share/texlive/texmf-dist/fonts/type1/p
ublic/amsfonts/cm/cmmi6.pfb></usr/share/texlive/texmf-dist/fonts/type1/public/a
msfonts/cm/cmmi7.pfb></usr/share/texlive/texmf-dist/fonts/type1/public/amsfonts
/cm/cmmi8.pfb></usr/share/texlive/texmf-dist/fonts/type1/public/amsfonts/cm/cmm
ib10.pfb></usr/share/texlive/texmf-dist/fonts/type1/public/amsfonts/cmextra/cmm
ib7.pfb></usr/share/texlive/texmf-dist/fonts/type1/public/amsfonts/cmextra/cmmi
b8.pfb></usr/share/texlive/texmf-dist/fonts/type1/public/amsfonts/cm/cmr10.pfb>
</usr/share/texlive/texmf-dist/fonts/type1/public/amsfonts/cm/cmr5.pfb></usr/sh
are/texlive/texmf-dist/fonts/type1/public/amsfonts/cm/cmr6.pfb></usr/share/texl
ive/texmf-dist/fonts/type1/public/amsfonts/cm/cmr7.pfb></usr/share/texlive/texm
f-dist/fonts/type1/public/amsfonts/cm/cmr8.pfb></usr/share/texlive/texmf-dist/f
onts/type1/public/amsfonts/cm/cmr9.pfb></usr/share/texlive/texmf-dist/fonts/typ
e1/public/amsfonts/cm/cmss17.pfb></usr/share/texlive/texmf-dist/fonts/type1/pub
lic/amsfonts/cm/cmss9.pfb></usr/share/texlive/texmf-dist/fonts/type1/public/ams
fonts/cm/cmsy10.pfb></usr/share/texlive/texmf-dist/fonts/type1/public/amsfonts/
cm/cmsy7.pfb></usr/share/texlive/texmf-dist/fonts/type1/public/amsfonts/cm/cmsy
8.pfb></usr/share/texlive/texmf-dist/fonts/type1/public/amsfonts/cm/cmti10.pfb>
</usr/share/texlive/texmf-dist/fonts/type1/public/amsfonts/symbols/msam10.pfb><
/usr/share/texlive/texmf-dist/fonts/type1/public/amsfonts/symbols/msbm10.pfb>
Output written on mst.pdf (20 pages, 9214787 bytes).
PDF statistics:
 684 PDF objects out of 1000 (max. 8388607)
 510 compressed objects within 6 object streams
 150 named destinations out of 1000 (max. 500000)
 37122 words of extra memory for PDF output out of 42996 (max. 10000000)

